<html>
<body>
<pre>
<h1>µVision Build Log</h1>
<h2>Tool Versions:</h2>
IDE-Version: ¦ÌVision V5.40.0.0
Copyright (C) 2024 ARM Ltd and ARM Germany GmbH. All rights reserved.
License Information: 1 1838088566@qq.com, 2, LIC=65ISZ-J9U4V-TGJ7T-R58Q3-PK1DR-NLBX3
 
Tool Versions:
Toolchain:       MDK-ARM Plus  Version: 5.40.0.3
Toolchain Path:  C:\Users\18380\AppData\Local\Keil_v5\ARM\ARMCLANG\Bin
C Compiler:      ArmClang.exe V6.22
Assembler:       Armasm.exe V6.22
Linker/Locator:  ArmLink.exe V6.22
Library Manager: ArmAr.exe V6.22
Hex Converter:   FromElf.exe V6.22
CPU DLL:         SARMCM3.DLL V5.40.0.3
Dialog DLL:      DCM.DLL V1.17.5.0
Target DLL:      Segger\JL2CM3.dll V2.99.44.0
Dialog DLL:      TCM.DLL V1.56.4.0
 
<h2>Project:</h2>
D:\CODES\Robomaster\Sentry-Embeded-2026\Sentry-Embeded-2026\MDK-ARM\frame.uvprojx
Project File Date:  01/23/2026

<h2>Output:</h2>
*** Using Compiler 'V6.22', folder: 'C:\Users\18380\AppData\Local\Keil_v5\ARM\ARMCLANG\Bin'
Rebuild target 'frame'
Note: source file '..\Sentry_libs\Module\Com_System\Queue.c' - object file renamed from 'frame\Queue.o' to 'frame\queue_1.o'.
compiling usbd_desc.c...
assembling startup_stm32f407xx.s...
compiling main.c...
compiling stm32f4xx_it.c...
compiling freertos.c...
compiling can.c...
compiling gpio.c...
compiling spi.c...
compiling dma.c...
compiling tim.c...
compiling stm32f4xx_hal_timebase_tim.c...
compiling i2c.c...
compiling usb_device.c...
compiling stm32f4xx_hal_msp.c...
compiling usart.c...
compiling usbd_cdc_if.c...
compiling usbd_conf.c...
compiling stm32f4xx_hal_pcd_ex.c...
compiling stm32f4xx_hal_pcd.c...
compiling stm32f4xx_hal_tim_ex.c...
compiling stm32f4xx_hal_rcc_ex.c...
compiling stm32f4xx_hal_rcc.c...
compiling stm32f4xx_ll_usb.c...
compiling stm32f4xx_hal_flash.c...
compiling stm32f4xx_hal_tim.c...
compiling stm32f4xx_hal_flash_ex.c...
compiling stm32f4xx_hal_flash_ramfunc.c...
compiling stm32f4xx_hal_gpio.c...
compiling stm32f4xx_hal_dma_ex.c...
compiling stm32f4xx_hal_dma.c...
compiling stm32f4xx_hal_pwr_ex.c...
compiling stm32f4xx_hal_pwr.c...
compiling stm32f4xx_hal_cortex.c...
compiling stm32f4xx_hal.c...
compiling stm32f4xx_hal_can.c...
compiling stm32f4xx_hal_i2c_ex.c...
compiling stm32f4xx_hal_exti.c...
compiling croutine.c...
compiling event_groups.c...
compiling list.c...
compiling system_stm32f4xx.c...
compiling stm32f4xx_hal_spi.c...
compiling queue.c...
compiling stream_buffer.c...
compiling stm32f4xx_hal_uart.c...
compiling tasks.c...
compiling stm32f4xx_hal_i2c.c...
compiling timers.c...
compiling heap_4.c...
compiling port.c...
compiling usbd_ctlreq.c...
compiling cmsis_os.c...
compiling usbd_ioreq.c...
compiling bsp_fdcan.c...
compiling usbd_core.c...
compiling usbd_cdc.c...
compiling bsp_can.c...
compiling SEGGER_RTT_printf.c...
compiling SEGGER_RTT.c...
compiling bsp_uart.c...
compiling bsp_spi.c...
compiling bsp_log.c...
compiling Com_System.c...
compiling bsp_pwm.c...
compiling dev_dr16.c...
compiling bsp_iic.c...
compiling Queue.c...
compiling bsp_gpio.c...
compiling bsp_dwt.c...
compiling dev_motor_dm.c...
compiling dev_motor_dji.c...
compiling dev_bmi088.c...
compiling dev_ist_8310.c...
compiling alg_pid.c...
compiling alg_kalman.c...
compiling dev_board_communicate.c...
compiling app_command_task.c...
compiling app_chassis_task.c...
compiling alg_chassis_calc.c...
compiling dev_minipc.c...
compiling app_ins_task.c...
compiling alg_fliter.c...
compiling kalman_filter.c...
compiling alg_quaternionEKF.c...
linking...
Program Size: Code=117824 RO-data=3088 RW-data=2152 ZI-data=30568  
FromELF: creating hex file...
"frame\frame.axf" - 0 Error(s), 0 Warning(s).

<h2>Software Packages used:</h2>

Package Vendor: ARM
                https://www.keil.com/pack/ARM.CMSIS.6.1.0.pack
                ARM::CMSIS@6.1.0
                CMSIS (Common Microcontroller Software Interface Standard)
   * Component: CORE Version: 6.1.0

Package Vendor: Keil
                https://www.keil.com/pack/Keil.STM32F4xx_DFP.3.0.0.pack
                Keil::STM32F4xx_DFP@3.0.0
                STMicroelectronics STM32F4 Series Device Support

<h2>Collection of Component include folders:</h2>
  ./RTE/_frame
  C:/Users/18380/AppData/Local/Arm/Packs/ARM/CMSIS/6.1.0/CMSIS/Core/Include

<h2>Collection of Component Files used:</h2>

   * Component: ARM::CMSIS:CORE@6.1.0
      Include file:  CMSIS/Core/Include/tz_context.h
Build Time Elapsed:  00:00:06
</pre>
</body>
</html>
