Component: Arm Compiler for Embedded 6.22 Tool: armlink [5ee90200]

==============================================================================

Section Cross References

    startup_stm32f407xx.o(STACK) refers (Special) to heapauxi.o(.text) for __use_two_region_memory
    startup_stm32f407xx.o(HEAP) refers (Special) to heapauxi.o(.text) for __use_two_region_memory
    startup_stm32f407xx.o(RESET) refers (Special) to heapauxi.o(.text) for __use_two_region_memory
    startup_stm32f407xx.o(RESET) refers to startup_stm32f407xx.o(STACK) for __initial_sp
    startup_stm32f407xx.o(RESET) refers to startup_stm32f407xx.o(.text) for Reset_Handler
    startup_stm32f407xx.o(RESET) refers to stm32f4xx_it.o(.text.NMI_Handler) for NMI_Handler
    startup_stm32f407xx.o(RESET) refers to stm32f4xx_it.o(.text.HardFault_Handler) for HardFault_Handler
    startup_stm32f407xx.o(RESET) refers to stm32f4xx_it.o(.text.MemManage_Handler) for MemManage_Handler
    startup_stm32f407xx.o(RESET) refers to stm32f4xx_it.o(.text.BusFault_Handler) for BusFault_Handler
    startup_stm32f407xx.o(RESET) refers to stm32f4xx_it.o(.text.UsageFault_Handler) for UsageFault_Handler
    startup_stm32f407xx.o(RESET) refers to port.o(.text.SVC_Handler) for SVC_Handler
    startup_stm32f407xx.o(RESET) refers to stm32f4xx_it.o(.text.DebugMon_Handler) for DebugMon_Handler
    startup_stm32f407xx.o(RESET) refers to port.o(.text.PendSV_Handler) for PendSV_Handler
    startup_stm32f407xx.o(RESET) refers to port.o(.text.SysTick_Handler) for SysTick_Handler
    startup_stm32f407xx.o(RESET) refers to stm32f4xx_it.o(.text.EXTI3_IRQHandler) for EXTI3_IRQHandler
    startup_stm32f407xx.o(RESET) refers to stm32f4xx_it.o(.text.DMA1_Stream1_IRQHandler) for DMA1_Stream1_IRQHandler
    startup_stm32f407xx.o(RESET) refers to stm32f4xx_it.o(.text.CAN1_RX0_IRQHandler) for CAN1_RX0_IRQHandler
    startup_stm32f407xx.o(RESET) refers to stm32f4xx_it.o(.text.TIM1_UP_TIM10_IRQHandler) for TIM1_UP_TIM10_IRQHandler
    startup_stm32f407xx.o(RESET) refers to stm32f4xx_it.o(.text.TIM4_IRQHandler) for TIM4_IRQHandler
    startup_stm32f407xx.o(RESET) refers to stm32f4xx_it.o(.text.USART3_IRQHandler) for USART3_IRQHandler
    startup_stm32f407xx.o(RESET) refers to stm32f4xx_it.o(.text.TIM8_TRG_COM_TIM14_IRQHandler) for TIM8_TRG_COM_TIM14_IRQHandler
    startup_stm32f407xx.o(RESET) refers to stm32f4xx_it.o(.text.CAN2_RX1_IRQHandler) for CAN2_RX1_IRQHandler
    startup_stm32f407xx.o(RESET) refers to stm32f4xx_it.o(.text.OTG_FS_IRQHandler) for OTG_FS_IRQHandler
    startup_stm32f407xx.o(RESET) refers to stm32f4xx_it.o(.text.DMA2_Stream7_IRQHandler) for DMA2_Stream7_IRQHandler
    startup_stm32f407xx.o(.text) refers (Special) to heapauxi.o(.text) for __use_two_region_memory
    startup_stm32f407xx.o(.text) refers to system_stm32f4xx.o(.text.SystemInit) for SystemInit
    startup_stm32f407xx.o(.text) refers to __main.o(!!!main) for __main
    startup_stm32f407xx.o(.text) refers to startup_stm32f407xx.o(HEAP) for Heap_Mem
    startup_stm32f407xx.o(.text) refers to startup_stm32f407xx.o(STACK) for Stack_Mem
    main.o(.text.main) refers to stm32f4xx_hal.o(.text.HAL_Init) for HAL_Init
    main.o(.text.main) refers to main.o(.text.SystemClock_Config) for SystemClock_Config
    main.o(.text.main) refers to gpio.o(.text.MX_GPIO_Init) for MX_GPIO_Init
    main.o(.text.main) refers to dma.o(.text.MX_DMA_Init) for MX_DMA_Init
    main.o(.text.main) refers to can.o(.text.MX_CAN1_Init) for MX_CAN1_Init
    main.o(.text.main) refers to can.o(.text.MX_CAN2_Init) for MX_CAN2_Init
    main.o(.text.main) refers to i2c.o(.text.MX_I2C3_Init) for MX_I2C3_Init
    main.o(.text.main) refers to usart.o(.text.MX_USART1_UART_Init) for MX_USART1_UART_Init
    main.o(.text.main) refers to usart.o(.text.MX_USART3_UART_Init) for MX_USART3_UART_Init
    main.o(.text.main) refers to spi.o(.text.MX_SPI1_Init) for MX_SPI1_Init
    main.o(.text.main) refers to tim.o(.text.MX_TIM10_Init) for MX_TIM10_Init
    main.o(.text.main) refers to tim.o(.text.MX_TIM2_Init) for MX_TIM2_Init
    main.o(.text.main) refers to tim.o(.text.MX_TIM4_Init) for MX_TIM4_Init
    main.o(.text.main) refers to bsp_log.o(.text.Log_Init) for Log_Init
    main.o(.text.main) refers to freertos.o(.text.MX_FREERTOS_Init) for MX_FREERTOS_Init
    main.o(.text.main) refers to cmsis_os.o(.text.osKernelStart) for osKernelStart
    main.o(.ARM.exidx.text.main) refers to main.o(.text.main) for [Anonymous Symbol]
    main.o(.text.SystemClock_Config) refers to rt_memclr_w.o(.text) for __aeabi_memclr4
    main.o(.text.SystemClock_Config) refers to stm32f4xx_hal_rcc.o(.text.HAL_RCC_OscConfig) for HAL_RCC_OscConfig
    main.o(.text.SystemClock_Config) refers to main.o(.text.Error_Handler) for Error_Handler
    main.o(.text.SystemClock_Config) refers to stm32f4xx_hal_rcc.o(.text.HAL_RCC_ClockConfig) for HAL_RCC_ClockConfig
    main.o(.ARM.exidx.text.SystemClock_Config) refers to main.o(.text.SystemClock_Config) for [Anonymous Symbol]
[...]
    vTaskStartScheduler                      0x0800e825   Thumb Code   228  tasks.o(.text.vTaskStartScheduler)
    vTaskSuspendAll                          0x0800e909   Thumb Code    16  tasks.o(.text.vTaskSuspendAll)
    vTaskSwitchContext                       0x0800e919   Thumb Code   288  tasks.o(.text.vTaskSwitchContext)
    xPortStartScheduler                      0x0800ea39   Thumb Code   342  port.o(.text.xPortStartScheduler)
    xQueueGenericCreateStatic                0x0800eb91   Thumb Code   270  queue.o(.text.xQueueGenericCreateStatic)
    xQueueGenericReset                       0x0800eca1   Thumb Code   186  queue.o(.text.xQueueGenericReset)
    xQueueGenericSend                        0x0800ed5d   Thumb Code   556  queue.o(.text.xQueueGenericSend)
    xQueueGenericSendFromISR                 0x0800ef89   Thumb Code   332  queue.o(.text.xQueueGenericSendFromISR)
    xQueueReceive                            0x0800f0d5   Thumb Code   476  queue.o(.text.xQueueReceive)
    xTaskCheckForTimeOut                     0x0800f2b1   Thumb Code   204  tasks.o(.text.xTaskCheckForTimeOut)
    xTaskCreate                              0x0800f37d   Thumb Code   158  tasks.o(.text.xTaskCreate)
    xTaskCreateStatic                        0x0800f41d   Thumb Code   206  tasks.o(.text.xTaskCreateStatic)
    xTaskGetSchedulerState                   0x0800f4ed   Thumb Code    56  tasks.o(.text.xTaskGetSchedulerState)
    xTaskGetTickCount                        0x0800f525   Thumb Code    20  tasks.o(.text.xTaskGetTickCount)
    xTaskIncrementTick                       0x0800f539   Thumb Code   440  tasks.o(.text.xTaskIncrementTick)
    xTaskPriorityDisinherit                  0x0800f6f1   Thumb Code   280  tasks.o(.text.xTaskPriorityDisinherit)
    xTaskRemoveFromEventList                 0x0800f809   Thumb Code   194  tasks.o(.text.xTaskRemoveFromEventList)
    xTaskResumeAll                           0x0800f8cd   Thumb Code   376  tasks.o(.text.xTaskResumeAll)
    xTimerCreateTimerTask                    0x0800fa45   Thumb Code   148  timers.o(.text.xTimerCreateTimerTask)
    xTimerGenericCommand                     0x0800fad9   Thumb Code   176  timers.o(.text.xTimerGenericCommand)
    __aeabi_d2f                              0x0800fb89   Thumb Code     0  d2f.o(x$fpl$d2f)
    _d2f                                     0x0800fb89   Thumb Code    98  d2f.o(x$fpl$d2f)
    __aeabi_dadd                             0x0800fbed   Thumb Code     0  daddsub_clz.o(x$fpl$dadd)
    _dadd                                    0x0800fbed   Thumb Code   332  daddsub_clz.o(x$fpl$dadd)
    __aeabi_ddiv                             0x0800fd3d   Thumb Code     0  ddiv.o(x$fpl$ddiv)
    _ddiv                                    0x0800fd3d   Thumb Code   560  ddiv.o(x$fpl$ddiv)
    __fpl_dnaninf                            0x0800fff5   Thumb Code   156  dnaninf.o(x$fpl$dnaninf)
    __fpl_dretinf                            0x08010091   Thumb Code    12  dretinf.o(x$fpl$dretinf)
    __aeabi_dsub                             0x0801009d   Thumb Code     0  daddsub_clz.o(x$fpl$dsub)
    _dsub                                    0x0801009d   Thumb Code   472  daddsub_clz.o(x$fpl$dsub)
    __aeabi_f2d                              0x08010279   Thumb Code     0  f2d.o(x$fpl$f2d)
    _f2d                                     0x08010279   Thumb Code    86  f2d.o(x$fpl$f2d)
    __fpl_fnaninf                            0x080102cf   Thumb Code   140  fnaninf.o(x$fpl$fnaninf)
    _fp_init                                 0x0801035b   Thumb Code    26  fpinit.o(x$fpl$fpinit)
    __fplib_config_fpu_vfp                   0x08010373   Thumb Code     0  fpinit.o(x$fpl$fpinit)
    __fplib_config_pureend_doubles           0x08010373   Thumb Code     0  fpinit.o(x$fpl$fpinit)
    __fpl_fretinf                            0x08010375   Thumb Code    10  fretinf.o(x$fpl$fretinf)
    __I$use$fp                               0x0801037e   Number         0  usenofp.o(x$fpl$usenofp)
    AHBPrescTable                            0x080103f0   Data          16  system_stm32f4xx.o(.rodata.AHBPrescTable)
    APBPrescTable                            0x08010400   Data           8  system_stm32f4xx.o(.rodata.APBPrescTable)
    Region$$Table$$Base                      0x08010a04   Number         0  anon$$obj.o(Region$$Table)
    Region$$Table$$Limit                     0x08010a24   Number         0  anon$$obj.o(Region$$Table)
    ControlMode                              0x20000003   Data           1  app_gimbal_task.o(.data.ControlMode)
    FS_Desc                                  0x20000094   Data          28  usbd_desc.o(.data.FS_Desc)
    SystemCoreClock                          0x200000b0   Data           4  system_stm32f4xx.o(.data.SystemCoreClock)
    USBD_CDC                                 0x200000b4   Data          56  usbd_cdc.o(.data.USBD_CDC)
    USBD_FS_DeviceDesc                       0x2000013c   Data          18  usbd_desc.o(.data.USBD_FS_DeviceDesc)
    USBD_Interface_fops_FS                   0x20000150   Data          20  usbd_cdc_if.o(.data.USBD_Interface_fops_FS)
    USBD_LangIDDesc                          0x20000164   Data           4  usbd_desc.o(.data.USBD_LangIDDesc)
    USBD_StringSerial                        0x20000168   Data          26  usbd_desc.o(.data.USBD_StringSerial)
    dm_cmd_frame                             0x20000183   Data          32  dev_motor_dm.o(.data.dm_cmd_frame)
    uwTickFreq                               0x200001a3   Data           1  stm32f4xx_hal.o(.data.uwTickFreq)
    uwTickPrio                               0x200001a4   Data           4  stm32f4xx_hal.o(.data.uwTickPrio)
    __libspace_start                         0x200001b0   Data          96  libspace.o(.bss)
    __temporary_stack_top$libspace           0x20000210   Data           0  libspace.o(.bss)
    Chassis_taskHandle                       0x20000258   Data           4  freertos.o(.bss.Chassis_taskHandle)
    Down_yaw                                 0x2000025c   Data           4  app_gimbal_task.o(.bss.Down_yaw)
    GimbalTaskHandle                         0x20000260   Data           4  freertos.o(.bss.GimbalTaskHandle)
    IsttaskHandle                            0x20000268   Data           4  freertos.o(.bss.IsttaskHandle)
    USBD_StrDesc                             0x20000270   Data         512  usbd_desc.o(.bss.USBD_StrDesc)
    UserRxBufferFS                           0x20000690   Data        2048  usbd_cdc_if.o(.bss.UserRxBufferFS)
    UserTxBufferFS                           0x20000e90   Data        2048  usbd_cdc_if.o(.bss.UserTxBufferFS)
    _SEGGER_RTT                              0x20001690   Data         168  segger_rtt.o(.bss._SEGGER_RTT)
    defaultTaskHandle                        0x20001b8c   Data           4  freertos.o(.bss.defaultTaskHandle)
    hUsbDeviceFS                             0x20001b90   Data         732  usb_device.o(.bss.hUsbDeviceFS)
    hcan1                                    0x20001e6c   Data          40  can.o(.bss.hcan1)
    hcan2                                    0x20001e94   Data          40  can.o(.bss.hcan2)
    hdma_usart1_tx                           0x20001ebc   Data          96  usart.o(.bss.hdma_usart1_tx)
    hdma_usart3_rx                           0x20001f1c   Data          96  usart.o(.bss.hdma_usart3_rx)
    hi2c3                                    0x20001f7c   Data          84  i2c.o(.bss.hi2c3)
    hpcd_USB_OTG_FS                          0x20001fd0   Data        1252  usbd_conf.o(.bss.hpcd_USB_OTG_FS)
    hspi1                                    0x200024b4   Data          88  spi.o(.bss.hspi1)
    htim10                                   0x2000250c   Data          72  tim.o(.bss.htim10)
    htim14                                   0x20002554   Data          72  stm32f4xx_hal_timebase_tim.o(.bss.htim14)
    htim2                                    0x2000259c   Data          72  tim.o(.bss.htim2)
    htim4                                    0x200025e4   Data          72  tim.o(.bss.htim4)
    huart1                                   0x2000262c   Data          72  usart.o(.bss.huart1)
    huart3                                   0x20002674   Data          72  usart.o(.bss.huart3)
    pxCurrentTCB                             0x2000278c   Data           4  tasks.o(.bss.pxCurrentTCB)
    target_position                          0x20002830   Data           4  app_gimbal_task.o(.bss.target_position)
    test_position                            0x20002834   Data           4  app_gimbal_task.o(.bss.test_position)
    test_speed                               0x20002838   Data           4  app_gimbal_task.o(.bss.test_speed)
    uwTick                                   0x20006460   Data           4  stm32f4xx_hal.o(.bss.uwTick)
    xQueueRegistry                           0x20006760   Data          64  queue.o(.bss.xQueueRegistry)



==============================================================================

Memory Map of the image

  Image Entry point : 0x08000189

  Load Region LR_IROM1 (Base: 0x08000000, Size: 0x00010bd8, Max: 0x00100000, ABSOLUTE, COMPRESSED[0x00010b48])

    Execution Region ER_IROM1 (Exec base: 0x08000000, Load base: 0x08000000, Size: 0x00010a24, Max: 0x00100000, ABSOLUTE)

    Exec Addr    Load Addr    Size         Type   Attr      Idx    E Section Name        Object

    0x08000000   0x08000000   0x00000188   Data   RO            3    RESET               startup_stm32f407xx.o
    0x08000188   0x08000188   0x00000008   Code   RO         3040  * !!!main             c_w.l(__main.o)
    0x08000190   0x08000190   0x0000005c   Code   RO         3463    !!!scatter          c_w.l(__scatter.o)
    0x080001ec   0x080001ec   0x0000003a   Code   RO         3461    !!dczerorl          c_w.l(__dczerorl.o)
    0x08000226   0x08000226   0x00000002   PAD
    0x08000228   0x08000228   0x00000002   Code   RO         3464    !!handler_null      c_w.l(__scatter.o)
    0x0800022a   0x0800022a   0x00000002   PAD
    0x0800022c   0x0800022c   0x0000001c   Code   RO         3467    !!handler_zi        c_w.l(__scatter_zi.o)
    0x08000248   0x08000248   0x00000002   Code   RO         3385    .ARM.Collect$$libinit$$00000000  c_w.l(libinit.o)
    0x0800024a   0x0800024a   0x00000004   Code   RO         3191    .ARM.Collect$$libinit$$00000001  c_w.l(libinit2.o)
    0x0800024e   0x0800024e   0x00000000   Code   RO         3194    .ARM.Collect$$libinit$$00000004  c_w.l(libinit2.o)
    0x0800024e   0x0800024e   0x00000000   Code   RO         3196    .ARM.Collect$$libinit$$00000006  c_w.l(libinit2.o)
    0x0800024e   0x0800024e   0x00000000   Code   RO         3199    .ARM.Collect$$libinit$$0000000C  c_w.l(libinit2.o)
    0x0800024e   0x0800024e   0x00000000   Code   RO         3201    .ARM.Collect$$libinit$$0000000E  c_w.l(libinit2.o)
    0x0800024e   0x0800024e   0x00000000   Code   RO         3203    .ARM.Collect$$libinit$$00000010  c_w.l(libinit2.o)
    0x0800024e   0x0800024e   0x00000000   Code   RO         3206    .ARM.Collect$$libinit$$00000013  c_w.l(libinit2.o)
    0x0800024e   0x0800024e   0x00000000   Code   RO         3208    .ARM.Collect$$libinit$$00000015  c_w.l(libinit2.o)
    0x0800024e   0x0800024e   0x00000000   Code   RO         3210    .ARM.Collect$$libinit$$00000017  c_w.l(libinit2.o)
    0x0800024e   0x0800024e   0x00000000   Code   RO         3212    .ARM.Collect$$libinit$$00000019  c_w.l(libinit2.o)
    0x0800024e   0x0800024e   0x00000000   Code   RO         3214    .ARM.Collect$$libinit$$0000001B  c_w.l(libinit2.o)
    0x0800024e   0x0800024e   0x00000000   Code   RO         3216    .ARM.Collect$$libinit$$0000001D  c_w.l(libinit2.o)
    0x0800024e   0x0800024e   0x00000000   Code   RO         3218    .ARM.Collect$$libinit$$0000001F  c_w.l(libinit2.o)
    0x0800024e   0x0800024e   0x00000000   Code   RO         3220    .ARM.Collect$$libinit$$00000021  c_w.l(libinit2.o)
    0x0800024e   0x0800024e   0x00000000   Code   RO         3222    .ARM.Collect$$libinit$$00000023  c_w.l(libinit2.o)
    0x0800024e   0x0800024e   0x00000000   Code   RO         3224    .ARM.Collect$$libinit$$00000025  c_w.l(libinit2.o)
    0x0800024e   0x0800024e   0x00000000   Code   RO         3226    .ARM.Collect$$libinit$$00000027  c_w.l(libinit2.o)
    0x0800024e   0x0800024e   0x00000000   Code   RO         3230    .ARM.Collect$$libinit$$0000002E  c_w.l(libinit2.o)
    0x0800024e   0x0800024e   0x00000000   Code   RO         3232    .ARM.Collect$$libinit$$00000030  c_w.l(libinit2.o)
    0x0800024e   0x0800024e   0x00000000   Code   RO         3234    .ARM.Collect$$libinit$$00000032  c_w.l(libinit2.o)
    0x0800024e   0x0800024e   0x00000000   Code   RO         3236    .ARM.Collect$$libinit$$00000034  c_w.l(libinit2.o)
    0x0800024e   0x0800024e   0x00000002   Code   RO         3237    .ARM.Collect$$libinit$$00000035  c_w.l(libinit2.o)
    0x08000250   0x08000250   0x00000002   Code   RO         3458    .ARM.Collect$$libshutdown$$00000000  c_w.l(libshutdown.o)
    0x08000252   0x08000252   0x00000000   Code   RO         3412    .ARM.Collect$$libshutdown$$00000002  c_w.l(libshutdown2.o)
    0x08000252   0x08000252   0x00000000   Code   RO         3414    .ARM.Collect$$libshutdown$$00000004  c_w.l(libshutdown2.o)
    0x08000252   0x08000252   0x00000000   Code   RO         3417    .ARM.Collect$$libshutdown$$00000007  c_w.l(libshutdown2.o)
    0x08000252   0x08000252   0x00000000   Code   RO         3420    .ARM.Collect$$libshutdown$$0000000A  c_w.l(libshutdown2.o)
    0x08000252   0x08000252   0x00000000   Code   RO         3422    .ARM.Collect$$libshutdown$$0000000C  c_w.l(libshutdown2.o)
    0x08000252   0x08000252   0x00000000   Code   RO         3425    .ARM.Collect$$libshutdown$$0000000F  c_w.l(libshutdown2.o)
    0x08000252   0x08000252   0x00000002   Code   RO         3426    .ARM.Collect$$libshutdown$$00000010  c_w.l(libshutdown2.o)
    0x08000254   0x08000254   0x00000000   Code   RO         3066    .ARM.Collect$$rtentry$$00000000  c_w.l(__rtentry.o)
    0x08000254   0x08000254   0x00000000   Code   RO         3263    .ARM.Collect$$rtentry$$00000002  c_w.l(__rtentry2.o)
    0x08000254   0x08000254   0x00000006   Code   RO         3275    .ARM.Collect$$rtentry$$00000004  c_w.l(__rtentry4.o)
    0x0800025a   0x0800025a   0x00000000   Code   RO         3265    .ARM.Collect$$rtentry$$00000009  c_w.l(__rtentry2.o)
    0x0800025a   0x0800025a   0x00000004   Code   RO         3266    .ARM.Collect$$rtentry$$0000000A  c_w.l(__rtentry2.o)
    0x0800025e   0x0800025e   0x00000000   Code   RO         3268    .ARM.Collect$$rtentry$$0000000C  c_w.l(__rtentry2.o)
    0x0800025e   0x0800025e   0x00000008   Code   RO         3269    .ARM.Collect$$rtentry$$0000000D  c_w.l(__rtentry2.o)
    0x08000266   0x08000266   0x00000002   Code   RO         3394    .ARM.Collect$$rtexit$$00000000  c_w.l(rtexit.o)
    0x08000268   0x08000268   0x00000000   Code   RO         3432    .ARM.Collect$$rtexit$$00000002  c_w.l(rtexit2.o)
    0x08000268   0x08000268   0x00000004   Code   RO         3433    .ARM.Collect$$rtexit$$00000003  c_w.l(rtexit2.o)
    0x0800026c   0x0800026c   0x00000006   Code   RO         3434    .ARM.Collect$$rtexit$$00000004  c_w.l(rtexit2.o)
    0x08000272   0x08000272   0x00000002   PAD
    0x08000274   0x08000274   0x00000040   Code   RO            4    .text               startup_stm32f407xx.o
    0x080002b4   0x080002b4   0x000000f0   Code   RO         3016    .text               c_w.l(lludivv7m.o)
    0x080003a4   0x080003a4   0x0000008a   Code   RO         3026    .text               c_w.l(rt_memcpy_v6.o)
    0x0800042e   0x0800042e   0x00000010   Code   RO         3030    .text               c_w.l(aeabi_memset4.o)
    0x0800043e   0x0800043e   0x00000044   Code   RO         3032    .text               c_w.l(rt_memclr.o)
    0x08000482   0x08000482   0x0000004e   Code   RO         3034    .text               c_w.l(rt_memclr_w.o)
    0x080004d0   0x080004d0   0x00000006   Code   RO         3038    .text               c_w.l(heapauxi.o)
    0x080004d6   0x080004d6   0x00000064   Code   RO         3187    .text               c_w.l(rt_memcpy_w.o)
    0x0800053a   0x0800053a   0x00000002   PAD
    0x0800053c   0x0800053c   0x00000008   Code   RO         3259    .text               c_w.l(libspace.o)
    0x08000544   0x08000544   0x00000002   Code   RO         3318    .text               c_w.l(use_no_semi.o)
    0x08000546   0x08000546   0x00000000   Code   RO         3320    .text               c_w.l(indicate_semi.o)
    0x08000546   0x08000546   0x0000004a   Code   RO         3321    .text               c_w.l(sys_stackheap_outer.o)
    0x08000590   0x08000590   0x00000012   Code   RO         3366    .text               c_w.l(exit.o)
    0x080005a2   0x080005a2   0x00000002   PAD
    0x080005a4   0x080005a4   0x0000000c   Code   RO         3390    .text               c_w.l(sys_exit.o)
    0x080005b0   0x080005b0   0x00000070   Code   RO         2883    .text.Angle_Normalize  dev_motor_dm.o
    0x08000620   0x08000620   0x00000004   Code   RO          174    .text.BusFault_Handler  stm32f4xx_it.o
    0x08000624   0x08000624   0x00000010   Code   RO          184    .text.CAN1_RX0_IRQHandler  stm32f4xx_it.o
    0x08000634   0x08000634   0x00000010   Code   RO          194    .text.CAN2_RX1_IRQHandler  stm32f4xx_it.o
    0x08000644   0x08000644   0x0000003e   Code   RO         2613    .text.CAN_Select_Handle  bsp_can.o
    0x08000682   0x08000682   0x00000002   PAD
    0x08000684   0x08000684   0x0000005c   Code   RO          273    .text.CDC_Control_FS  usbd_cdc_if.o
    0x080006e0   0x080006e0   0x00000004   Code   RO          271    .text.CDC_DeInit_FS  usbd_cdc_if.o
    0x080006e4   0x080006e4   0x00000032   Code   RO          269    .text.CDC_Init_FS   usbd_cdc_if.o
    0x08000716   0x08000716   0x00000002   PAD
    0x08000718   0x08000718   0x00000024   Code   RO          275    .text.CDC_Receive_FS  usbd_cdc_if.o
    0x0800073c   0x0800073c   0x00000018   Code   RO          277    .text.CDC_TransmitCplt_FS  usbd_cdc_if.o
    0x08000754   0x08000754   0x000000b8   Code   RO         2627    .text.Can_ID_Mask_Mode_Filter_Init  bsp_can.o
    0x0800080c   0x0800080c   0x00000082   Code   RO         2609    .text.Can_Init      bsp_can.o
    0x0800088e   0x0800088e   0x00000002   PAD
    0x08000890   0x08000890   0x000000f0   Code   RO         2607    .text.Can_Register  bsp_can.o
    0x08000980   0x08000980   0x00000270   Code   RO         2611    .text.Can_Register_Check  bsp_can.o
    0x08000bf0   0x08000bf0   0x000000e2   Code   RO         2615    .text.Can_Register_To_x_Instance  bsp_can.o
    0x08000cd2   0x08000cd2   0x00000002   PAD
    0x08000cd4   0x08000cd4   0x00000104   Code   RO         2629    .text.Can_Service_Init  bsp_can.o
    0x08000dd8   0x08000dd8   0x000000ca   Code   RO         2619    .text.Can_Transmit  bsp_can.o
    0x08000ea2   0x08000ea2   0x00000002   PAD
    0x08000ea4   0x08000ea4   0x00000010   Code   RO          182    .text.DMA1_Stream1_IRQHandler  stm32f4xx_it.o
    0x08000eb4   0x08000eb4   0x00000010   Code   RO          198    .text.DMA2_Stream7_IRQHandler  stm32f4xx_it.o
    0x08000ec4   0x08000ec4   0x00000056   Code   RO         1079    .text.DMA_CalcBaseAndBitshift  stm32f4xx_hal_dma.o
    0x08000f1a   0x08000f1a   0x00000002   PAD
    0x08000f1c   0x08000f1c   0x000000f0   Code   RO         1077    .text.DMA_CheckFifoParam  stm32f4xx_hal_dma.o
    0x0800100c   0x0800100c   0x00000050   Code   RO         1085    .text.DMA_SetConfig  stm32f4xx_hal_dma.o
    0x0800105c   0x0800105c   0x00000002   Code   RO          178    .text.DebugMon_Handler  stm32f4xx_it.o
    0x0800105e   0x0800105e   0x00000002   PAD
    0x08001060   0x08001060   0x0000000a   Code   RO          180    .text.EXTI3_IRQHandler  stm32f4xx_it.o
    0x0800106a   0x0800106a   0x00000002   PAD
    0x0800106c   0x0800106c   0x00000006   Code   RO           15    .text.Error_Handler  main.o
    0x08001072   0x08001072   0x00000002   PAD
    0x08001074   0x08001074   0x0000005c   Code   RO          252    .text.Get_SerialNum  usbd_desc.o
    0x080010d0   0x080010d0   0x00000052   Code   RO         1373    .text.HAL_CAN_ActivateNotification  stm32f4xx_hal_can.o
    0x08001122   0x08001122   0x00000002   PAD
    0x08001124   0x08001124   0x00000156   Code   RO         1359    .text.HAL_CAN_AddTxMessage  stm32f4xx_hal_can.o
    0x0800127a   0x0800127a   0x00000002   PAD
    0x0800127c   0x0800127c   0x0000019e   Code   RO         1349    .text.HAL_CAN_ConfigFilter  stm32f4xx_hal_can.o
    0x0800141a   0x0800141a   0x00000002   PAD
    0x0800141c   0x0800141c   0x00000008   Code   RO         1403    .text.HAL_CAN_ErrorCallback  stm32f4xx_hal_can.o
    0x08001424   0x08001424   0x00000052   Code   RO         1371    .text.HAL_CAN_GetRxFifoFillLevel  stm32f4xx_hal_can.o
    0x08001476   0x08001476   0x00000002   PAD
    0x08001478   0x08001478   0x00000212   Code   RO         1369    .text.HAL_CAN_GetRxMessage  stm32f4xx_hal_can.o
    0x0800168a   0x0800168a   0x00000002   PAD
    0x0800168c   0x0800168c   0x00000070   Code   RO         1363    .text.HAL_CAN_GetTxMailboxesFreeLevel  stm32f4xx_hal_can.o
    0x080016fc   0x080016fc   0x000003f2   Code   RO         1377    .text.HAL_CAN_IRQHandler  stm32f4xx_hal_can.o
    0x08001aee   0x08001aee   0x00000002   PAD
    0x08001af0   0x08001af0   0x000001de   Code   RO         1339    .text.HAL_CAN_Init  stm32f4xx_hal_can.o
    0x08001cce   0x08001cce   0x00000002   PAD
    0x08001cd0   0x08001cd0   0x00000184   Code   RO           77    .text.HAL_CAN_MspInit  can.o
    0x08001e54   0x08001e54   0x00000008   Code   RO         1391    .text.HAL_CAN_RxFifo0FullCallback  stm32f4xx_hal_can.o
    0x08001e5c   0x08001e5c   0x000000c6   Code   RO         2621    .text.HAL_CAN_RxFifo0MsgPendingCallback  bsp_can.o
    0x08001f22   0x08001f22   0x00000002   PAD
    0x08001f24   0x08001f24   0x00000008   Code   RO         1395    .text.HAL_CAN_RxFifo1FullCallback  stm32f4xx_hal_can.o
    0x08001f2c   0x08001f2c   0x000000c6   Code   RO         2625    .text.HAL_CAN_RxFifo1MsgPendingCallback  bsp_can.o
    0x08001ff2   0x08001ff2   0x00000002   PAD
    0x08001ff4   0x08001ff4   0x00000008   Code   RO         1399    .text.HAL_CAN_SleepCallback  stm32f4xx_hal_can.o
    0x08001ffc   0x08001ffc   0x0000008a   Code   RO         1351    .text.HAL_CAN_Start  stm32f4xx_hal_can.o
    0x08002086   0x08002086   0x00000002   PAD
    0x08002088   0x08002088   0x00000008   Code   RO         1381    .text.HAL_CAN_TxMailbox0AbortCallback  stm32f4xx_hal_can.o
    0x08002090   0x08002090   0x00000008   Code   RO         1379    .text.HAL_CAN_TxMailbox0CompleteCallback  stm32f4xx_hal_can.o
    0x08002098   0x08002098   0x00000008   Code   RO         1385    .text.HAL_CAN_TxMailbox1AbortCallback  stm32f4xx_hal_can.o
    0x080020a0   0x080020a0   0x00000008   Code   RO         1383    .text.HAL_CAN_TxMailbox1CompleteCallback  stm32f4xx_hal_can.o
    0x080020a8   0x080020a8   0x00000008   Code   RO         1389    .text.HAL_CAN_TxMailbox2AbortCallback  stm32f4xx_hal_can.o
    0x080020b0   0x080020b0   0x00000008   Code   RO         1387    .text.HAL_CAN_TxMailbox2CompleteCallback  stm32f4xx_hal_can.o
    0x080020b8   0x080020b8   0x00000008   Code   RO         1401    .text.HAL_CAN_WakeUpFromRxMsgCallback  stm32f4xx_hal_can.o
    0x080020c0   0x080020c0   0x000000ec   Code   RO         1089    .text.HAL_DMA_Abort  stm32f4xx_hal_dma.o
    0x080021ac   0x080021ac   0x00000044   Code   RO         1091    .text.HAL_DMA_Abort_IT  stm32f4xx_hal_dma.o
    0x080021f0   0x080021f0   0x0000031e   Code   RO         1095    .text.HAL_DMA_IRQHandler  stm32f4xx_hal_dma.o
    0x0800250e   0x0800250e   0x00000002   PAD
    0x08002510   0x08002510   0x0000016e   Code   RO         1075    .text.HAL_DMA_Init  stm32f4xx_hal_dma.o
    0x0800267e   0x0800267e   0x00000002   PAD
    0x08002680   0x08002680   0x000000c2   Code   RO         1087    .text.HAL_DMA_Start_IT  stm32f4xx_hal_dma.o
    0x08002742   0x08002742   0x00000002   PAD
    0x08002744   0x08002744   0x00000042   Code   RO         1270    .text.HAL_Delay     stm32f4xx_hal.o
    0x08002786   0x08002786   0x00000002   PAD
    0x08002788   0x08002788   0x0000000a   Code   RO         1051    .text.HAL_GPIO_EXTI_Callback  stm32f4xx_hal_gpio.o
    0x08002792   0x08002792   0x00000002   PAD
    0x08002794   0x08002794   0x00000038   Code   RO         1049    .text.HAL_GPIO_EXTI_IRQHandler  stm32f4xx_hal_gpio.o
    0x080027cc   0x080027cc   0x000003b6   Code   RO         1037    .text.HAL_GPIO_Init  stm32f4xx_hal_gpio.o
    0x08002b82   0x08002b82   0x00000002   PAD
    0x08002b84   0x08002b84   0x0000002e   Code   RO         1043    .text.HAL_GPIO_WritePin  stm32f4xx_hal_gpio.o
    0x08002bb2   0x08002bb2   0x00000002   PAD
    0x08002bb4   0x08002bb4   0x0000000c   Code   RO         1262    .text.HAL_GetTick   stm32f4xx_hal.o
    0x08002bc0   0x08002bc0   0x000002a4   Code   RO         1418    .text.HAL_I2C_Init  stm32f4xx_hal_i2c.o
    0x08002e64   0x08002e64   0x000000e6   Code   RO          101    .text.HAL_I2C_MspInit  i2c.o
    0x08002f4a   0x08002f4a   0x00000002   PAD
    0x08002f4c   0x08002f4c   0x0000001a   Code   RO         1260    .text.HAL_IncTick   stm32f4xx_hal.o
    0x08002f66   0x08002f66   0x00000002   PAD
    0x08002f68   0x08002f68   0x00000036   Code   RO         1250    .text.HAL_Init      stm32f4xx_hal.o
    0x08002f9e   0x08002f9e   0x00000002   PAD
    0x08002fa0   0x08002fa0   0x000000f0   Code   RO          215    .text.HAL_InitTick  stm32f4xx_hal_timebase_tim.o
    0x08003090   0x08003090   0x00000058   Code   RO          207    .text.HAL_MspInit   stm32f4xx_hal_msp.o
    0x080030e8   0x080030e8   0x00000014   Code   RO         1185    .text.HAL_NVIC_EnableIRQ  stm32f4xx_hal_cortex.o
    0x080030fc   0x080030fc   0x00000032   Code   RO         1177    .text.HAL_NVIC_SetPriority  stm32f4xx_hal_cortex.o
    0x0800312e   0x0800312e   0x00000002   PAD
    0x08003130   0x08003130   0x00000010   Code   RO         1173    .text.HAL_NVIC_SetPriorityGrouping  stm32f4xx_hal_cortex.o
    0x08003140   0x08003140   0x0000000c   Code   RO          785    .text.HAL_PCDEx_LPM_Callback  stm32f4xx_hal_pcd_ex.o
    0x0800314c   0x0800314c   0x00000018   Code   RO          783    .text.HAL_PCDEx_SetRxFiFo  stm32f4xx_hal_pcd_ex.o
    0x08003164   0x08003164   0x0000009c   Code   RO          781    .text.HAL_PCDEx_SetTxFiFo  stm32f4xx_hal_pcd_ex.o
    0x08003200   0x08003200   0x00000014   Code   RO          313    .text.HAL_PCD_ConnectCallback  usbd_conf.o
    0x08003214   0x08003214   0x00000026   Code   RO          299    .text.HAL_PCD_DataInStageCallback  usbd_conf.o
    0x0800323a   0x0800323a   0x00000002   PAD
    0x0800323c   0x0800323c   0x00000028   Code   RO          297    .text.HAL_PCD_DataOutStageCallback  usbd_conf.o
    0x08003264   0x08003264   0x00000014   Code   RO          315    .text.HAL_PCD_DisconnectCallback  usbd_conf.o
    0x08003278   0x08003278   0x0000005e   Code   RO          732    .text.HAL_PCD_EP_Abort  stm32f4xx_hal_pcd.o
    0x080032d6   0x080032d6   0x00000002   PAD
    0x080032d8   0x080032d8   0x000000a8   Code   RO          752    .text.HAL_PCD_EP_Close  stm32f4xx_hal_pcd.o
    0x08003380   0x08003380   0x000000c8   Code   RO          762    .text.HAL_PCD_EP_ClrStall  stm32f4xx_hal_pcd.o
    0x08003448   0x08003448   0x00000022   Code   RO          756    .text.HAL_PCD_EP_GetRxCount  stm32f4xx_hal_pcd.o
    0x0800346a   0x0800346a   0x00000002   PAD
    0x0800346c   0x0800346c   0x000000ee   Code   RO          750    .text.HAL_PCD_EP_Open  stm32f4xx_hal_pcd.o
    0x0800355a   0x0800355a   0x00000002   PAD
    0x0800355c   0x0800355c   0x0000006c   Code   RO          754    .text.HAL_PCD_EP_Receive  stm32f4xx_hal_pcd.o
    0x080035c8   0x080035c8   0x000000de   Code   RO          760    .text.HAL_PCD_EP_SetStall  stm32f4xx_hal_pcd.o
    0x080036a6   0x080036a6   0x00000002   PAD
    0x080036a8   0x080036a8   0x0000006c   Code   RO          758    .text.HAL_PCD_EP_Transmit  stm32f4xx_hal_pcd.o
    0x08003714   0x08003714   0x0000083a   Code   RO          710    .text.HAL_PCD_IRQHandler  stm32f4xx_hal_pcd.o
    0x08003f4e   0x08003f4e   0x00000002   PAD
    0x08003f50   0x08003f50   0x0000001c   Code   RO          311    .text.HAL_PCD_ISOINIncompleteCallback  usbd_conf.o
    0x08003f6c   0x08003f6c   0x0000001c   Code   RO          309    .text.HAL_PCD_ISOOUTIncompleteCallback  usbd_conf.o
    0x08003f88   0x08003f88   0x00000242   Code   RO          698    .text.HAL_PCD_Init  stm32f4xx_hal_pcd.o
    0x080041ca   0x080041ca   0x00000002   PAD
    0x080041cc   0x080041cc   0x000000b0   Code   RO          291    .text.HAL_PCD_MspInit  usbd_conf.o
    0x0800427c   0x0800427c   0x00000052   Code   RO          303    .text.HAL_PCD_ResetCallback  usbd_conf.o
    0x080042ce   0x080042ce   0x00000002   PAD
    0x080042d0   0x080042d0   0x00000014   Code   RO          307    .text.HAL_PCD_ResumeCallback  usbd_conf.o
    0x080042e4   0x080042e4   0x00000014   Code   RO          301    .text.HAL_PCD_SOFCallback  usbd_conf.o
    0x080042f8   0x080042f8   0x0000005c   Code   RO          748    .text.HAL_PCD_SetAddress  stm32f4xx_hal_pcd.o
    0x08004354   0x08004354   0x00000018   Code   RO          295    .text.HAL_PCD_SetupStageCallback  usbd_conf.o
    0x0800436c   0x0800436c   0x0000007c   Code   RO          706    .text.HAL_PCD_Start  stm32f4xx_hal_pcd.o
    0x080043e8   0x080043e8   0x0000003e   Code   RO          305    .text.HAL_PCD_SuspendCallback  usbd_conf.o
    0x08004426   0x08004426   0x00000002   PAD
    0x08004428   0x08004428   0x00000262   Code   RO          905    .text.HAL_RCC_ClockConfig  stm32f4xx_hal_rcc.o
    0x0800468a   0x0800468a   0x00000002   PAD
    0x0800468c   0x0800468c   0x00000054   Code   RO          923    .text.HAL_RCC_GetClockConfig  stm32f4xx_hal_rcc.o
    0x080046e0   0x080046e0   0x0000000c   Code   RO          915    .text.HAL_RCC_GetHCLKFreq  stm32f4xx_hal_rcc.o
    0x080046ec   0x080046ec   0x00000022   Code   RO          917    .text.HAL_RCC_GetPCLK1Freq  stm32f4xx_hal_rcc.o
    0x0800470e   0x0800470e   0x00000002   PAD
    0x08004710   0x08004710   0x00000022   Code   RO          919    .text.HAL_RCC_GetPCLK2Freq  stm32f4xx_hal_rcc.o
    0x08004732   0x08004732   0x00000002   PAD
    0x08004734   0x08004734   0x000000e6   Code   RO          907    .text.HAL_RCC_GetSysClockFreq  stm32f4xx_hal_rcc.o
    0x0800481a   0x0800481a   0x00000002   PAD
    0x0800481c   0x0800481c   0x000006be   Code   RO          903    .text.HAL_RCC_OscConfig  stm32f4xx_hal_rcc.o
    0x08004eda   0x08004eda   0x00000002   PAD
    0x08004edc   0x08004edc   0x00000102   Code   RO         1590    .text.HAL_SPI_Init  stm32f4xx_hal_spi.o
    0x08004fde   0x08004fde   0x00000002   PAD
    0x08004fe0   0x08004fe0   0x000000e4   Code   RO          115    .text.HAL_SPI_MspInit  spi.o
    0x080050c4   0x080050c4   0x00000008   Code   RO          685    .text.HAL_TIMEx_BreakCallback  stm32f4xx_hal_tim_ex.o
    0x080050cc   0x080050cc   0x00000008   Code   RO          681    .text.HAL_TIMEx_CommutCallback  stm32f4xx_hal_tim_ex.o
    0x080050d4   0x080050d4   0x00000122   Code   RO          675    .text.HAL_TIMEx_MasterConfigSynchronization  stm32f4xx_hal_tim_ex.o
    0x080051f6   0x080051f6   0x00000002   PAD
    0x080051f8   0x080051f8   0x0000009c   Code   RO          362    .text.HAL_TIM_Base_Init  stm32f4xx_hal_tim.o
    0x08005294   0x08005294   0x000000ce   Code   RO          135    .text.HAL_TIM_Base_MspInit  tim.o
    0x08005362   0x08005362   0x00000002   PAD
    0x08005364   0x08005364   0x000000f6   Code   RO          376    .text.HAL_TIM_Base_Start_IT  stm32f4xx_hal_tim.o
    0x0800545a   0x0800545a   0x00000002   PAD
    0x0800545c   0x0800545c   0x00000184   Code   RO          554    .text.HAL_TIM_ConfigClockSource  stm32f4xx_hal_tim.o
    0x080055e0   0x080055e0   0x00000008   Code   RO          498    .text.HAL_TIM_IC_CaptureCallback  stm32f4xx_hal_tim.o
    0x080055e8   0x080055e8   0x0000021a   Code   RO          496    .text.HAL_TIM_IRQHandler  stm32f4xx_hal_tim.o
    0x08005802   0x08005802   0x00000002   PAD
    0x08005804   0x08005804   0x0000006c   Code   RO          133    .text.HAL_TIM_MspPostInit  tim.o
    0x08005870   0x08005870   0x000000a4   Code   RO          508    .text.HAL_TIM_OC_ConfigChannel  stm32f4xx_hal_tim.o
    0x08005914   0x08005914   0x00000008   Code   RO          500    .text.HAL_TIM_OC_DelayElapsedCallback  stm32f4xx_hal_tim.o
    0x0800591c   0x0800591c   0x0000009c   Code   RO          390    .text.HAL_TIM_OC_Init  stm32f4xx_hal_tim.o
    0x080059b8   0x080059b8   0x00000008   Code   RO          392    .text.HAL_TIM_OC_MspInit  stm32f4xx_hal_tim.o
    0x080059c0   0x080059c0   0x00000008   Code   RO          502    .text.HAL_TIM_PWM_PulseFinishedCallback  stm32f4xx_hal_tim.o
    0x080059c8   0x080059c8   0x00000022   Code   RO           17    .text.HAL_TIM_PeriodElapsedCallback  main.o
    0x080059ea   0x080059ea   0x00000002   PAD
    0x080059ec   0x080059ec   0x00000008   Code   RO          506    .text.HAL_TIM_TriggerCallback  stm32f4xx_hal_tim.o
    0x080059f4   0x080059f4   0x0000000c   Code   RO         1799    .text.HAL_UARTEx_RxEventCallback  stm32f4xx_hal_uart.o
    0x08005a00   0x08005a00   0x00000008   Code   RO         1797    .text.HAL_UART_ErrorCallback  stm32f4xx_hal_uart.o
    0x08005a08   0x08005a08   0x0000045c   Code   RO         1791    .text.HAL_UART_IRQHandler  stm32f4xx_hal_uart.o
    0x08005e64   0x08005e64   0x0000009e   Code   RO         1707    .text.HAL_UART_Init  stm32f4xx_hal_uart.o
    0x08005f02   0x08005f02   0x00000002   PAD
    0x08005f04   0x08005f04   0x00000226   Code   RO          153    .text.HAL_UART_MspInit  usart.o
    0x0800612a   0x0800612a   0x00000002   PAD
    0x0800612c   0x0800612c   0x00000056   Code   RO         1743    .text.HAL_UART_Receive_DMA  stm32f4xx_hal_uart.o
    0x08006182   0x08006182   0x00000002   PAD
    0x08006184   0x08006184   0x00000056   Code   RO         1731    .text.HAL_UART_Receive_IT  stm32f4xx_hal_uart.o
    0x080061da   0x080061da   0x00000002   PAD
    0x080061dc   0x080061dc   0x00000010   Code   RO         2677    .text.HAL_UART_RxCpltCallback  bsp_uart.o
    0x080061ec   0x080061ec   0x00000008   Code   RO         1811    .text.HAL_UART_RxHalfCpltCallback  stm32f4xx_hal_uart.o
    0x080061f4   0x080061f4   0x00000008   Code   RO         1805    .text.HAL_UART_TxCpltCallback  stm32f4xx_hal_uart.o
    0x080061fc   0x080061fc   0x00000004   Code   RO          170    .text.HardFault_Handler  stm32f4xx_it.o
    0x08006200   0x08006200   0x0000007a   Code   RO          254    .text.IntToUnicode  usbd_desc.o
    0x0800627a   0x0800627a   0x00000002   PAD
    0x0800627c   0x0800627c   0x00000036   Code   RO         2796    .text.Log_Init      bsp_log.o
    0x080062b2   0x080062b2   0x00000002   PAD
    0x080062b4   0x080062b4   0x0000004e   Code   RO           73    .text.MX_CAN1_Init  can.o
    0x08006302   0x08006302   0x00000002   PAD
    0x08006304   0x08006304   0x0000004e   Code   RO           75    .text.MX_CAN2_Init  can.o
    0x08006352   0x08006352   0x00000002   PAD
    0x08006354   0x08006354   0x00000074   Code   RO           91    .text.MX_DMA_Init   dma.o
    0x080063c8   0x080063c8   0x00000102   Code   RO           43    .text.MX_FREERTOS_Init  freertos.o
    0x080064ca   0x080064ca   0x00000002   PAD
    0x080064cc   0x080064cc   0x000001ac   Code   RO           27    .text.MX_GPIO_Init  gpio.o
    0x08006678   0x08006678   0x00000048   Code   RO           99    .text.MX_I2C3_Init  i2c.o
    0x080066c0   0x080066c0   0x00000052   Code   RO          113    .text.MX_SPI1_Init  spi.o
    0x08006712   0x08006712   0x00000002   PAD
    0x08006714   0x08006714   0x0000008c   Code   RO          131    .text.MX_TIM10_Init  tim.o
    0x080067a0   0x080067a0   0x00000086   Code   RO          127    .text.MX_TIM2_Init  tim.o
    0x08006826   0x08006826   0x00000002   PAD
    0x08006828   0x08006828   0x00000088   Code   RO          129    .text.MX_TIM4_Init  tim.o
    0x080068b0   0x080068b0   0x00000040   Code   RO          149    .text.MX_USART1_UART_Init  usart.o
    0x080068f0   0x080068f0   0x0000004c   Code   RO          151    .text.MX_USART3_UART_Init  usart.o
    0x0800693c   0x0800693c   0x00000076   Code   RO          229    .text.MX_USB_DEVICE_Init  usb_device.o
    0x080069b2   0x080069b2   0x00000002   PAD
    0x080069b4   0x080069b4   0x00000004   Code   RO          172    .text.MemManage_Handler  stm32f4xx_it.o
    0x080069b8   0x080069b8   0x000000b0   Code   RO         2865    .text.Motor_DM_Register  dev_motor_dm.o
    0x08006a68   0x08006a68   0x0000005a   Code   RO         2869    .text.Motor_Dm_Cmd  dev_motor_dm.o
    0x08006ac2   0x08006ac2   0x00000002   PAD
    0x08006ac4   0x08006ac4   0x000000bc   Code   RO         2875    .text.Motor_Dm_Control  dev_motor_dm.o
    0x08006b80   0x08006b80   0x000001f0   Code   RO         2867    .text.Motor_Dm_Decode  dev_motor_dm.o
    0x08006d70   0x08006d70   0x00000150   Code   RO         2871    .text.Motor_Dm_Mit_Control  dev_motor_dm.o
    0x08006ec0   0x08006ec0   0x00000032   Code   RO         2879    .text.Motor_Dm_Transmit  dev_motor_dm.o
    0x08006ef2   0x08006ef2   0x00000002   PAD
    0x08006ef4   0x08006ef4   0x00000004   Code   RO          168    .text.NMI_Handler   stm32f4xx_it.o
    0x08006ef8   0x08006ef8   0x0000006c   Code   RO         1183    .text.NVIC_EncodePriority  stm32f4xx_hal_cortex.o
    0x08006f64   0x08006f64   0x00000010   Code   RO          196    .text.OTG_FS_IRQHandler  stm32f4xx_it.o
    0x08006f74   0x08006f74   0x0000008a   Code   RO          714    .text.PCD_EP_OutSetupPacket_int  stm32f4xx_hal_pcd.o
    0x08006ffe   0x08006ffe   0x00000002   PAD
    0x08007000   0x08007000   0x000001c8   Code   RO          712    .text.PCD_EP_OutXfrComplete_int  stm32f4xx_hal_pcd.o
    0x080071c8   0x080071c8   0x00000132   Code   RO          722    .text.PCD_WriteEmptyTxFifo  stm32f4xx_hal_pcd.o
    0x080072fa   0x080072fa   0x00000006   PAD
    0x08007300   0x08007300   0x00000064   Code   RO         2434    .text.PendSV_Handler  port.o
    0x08007364   0x08007364   0x00000004   PAD
    0x08007368   0x08007368   0x000002a0   Code   RO         2936    .text.Pid_Calculate  alg_pid.o
    0x08007608   0x08007608   0x00000050   Code   RO         2940    .text.Pid_Limit     alg_pid.o
    0x08007658   0x08007658   0x00000084   Code   RO         2938    .text.Pid_Protect   alg_pid.o
    0x080076dc   0x080076dc   0x000000fc   Code   RO         2934    .text.Pid_Register  alg_pid.o
    0x080077d8   0x080077d8   0x00000008   Code   RO         2751    .text.SEGGER_RTT_Init  segger_rtt.o
    0x080077e0   0x080077e0   0x0000004e   Code   RO         2715    .text.SEGGER_RTT_Write  segger_rtt.o
    0x0800782e   0x0800782e   0x00000002   PAD
    0x08007830   0x08007830   0x000000b0   Code   RO         2711    .text.SEGGER_RTT_WriteNoLock  segger_rtt.o
    0x080078e0   0x080078e0   0x0000002a   Code   RO         2785    .text.SEGGER_RTT_printf  segger_rtt_printf.o
    0x0800790a   0x0800790a   0x00000002   PAD
    0x0800790c   0x0800790c   0x0000039c   Code   RO         2777    .text.SEGGER_RTT_vprintf  segger_rtt_printf.o
    0x08007ca8   0x08007ca8   0x00000008   PAD
    0x08007cb0   0x08007cb0   0x00000024   Code   RO         2418    .text.SVC_Handler   port.o
    0x08007cd4   0x08007cd4   0x00000036   Code   RO         2529    .text.SWAPBYTE      usbd_ctlreq.o
    0x08007d0a   0x08007d0a   0x00000002   PAD
    0x08007d0c   0x08007d0c   0x00000010   Code   RO           49    .text.StartChassisTask  freertos.o
    0x08007d1c   0x08007d1c   0x00000014   Code   RO           45    .text.StartDefaultTask  freertos.o
    0x08007d30   0x08007d30   0x00000140   Code   RO         2918    .text.StartGimbalTask  app_gimbal_task.o
    0x08007e70   0x08007e70   0x0000003c   Code   RO         2436    .text.SysTick_Handler  port.o
    0x08007eac   0x08007eac   0x000000bc   Code   RO           13    .text.SystemClock_Config  main.o
    0x08007f68   0x08007f68   0x00000012   Code   RO         1838    .text.SystemInit    system_stm32f4xx.o
    0x08007f7a   0x08007f7a   0x00000002   PAD
    0x08007f7c   0x08007f7c   0x00000010   Code   RO          186    .text.TIM1_UP_TIM10_IRQHandler  stm32f4xx_it.o
    0x08007f8c   0x08007f8c   0x00000010   Code   RO          188    .text.TIM4_IRQHandler  stm32f4xx_it.o
    0x08007f9c   0x08007f9c   0x00000010   Code   RO          192    .text.TIM8_TRG_COM_TIM14_IRQHandler  stm32f4xx_it.o
    0x08007fac   0x08007fac   0x000001a4   Code   RO          366    .text.TIM_Base_SetConfig  stm32f4xx_hal_tim.o
    0x08008150   0x08008150   0x00000034   Code   RO          552    .text.TIM_ETR_SetConfig  stm32f4xx_hal_tim.o
    0x08008184   0x08008184   0x0000002a   Code   RO          558    .text.TIM_ITRx_SetConfig  stm32f4xx_hal_tim.o
    0x080081ae   0x080081ae   0x00000002   PAD
    0x080081b0   0x080081b0   0x000000ea   Code   RO          510    .text.TIM_OC1_SetConfig  stm32f4xx_hal_tim.o
    0x0800829a   0x0800829a   0x00000002   PAD
    0x0800829c   0x0800829c   0x000000f4   Code   RO          512    .text.TIM_OC2_SetConfig  stm32f4xx_hal_tim.o
    0x08008390   0x08008390   0x000000f2   Code   RO          514    .text.TIM_OC3_SetConfig  stm32f4xx_hal_tim.o
    0x08008482   0x08008482   0x00000002   PAD
    0x08008484   0x08008484   0x000000a4   Code   RO          516    .text.TIM_OC4_SetConfig  stm32f4xx_hal_tim.o
    0x08008528   0x08008528   0x00000050   Code   RO          556    .text.TIM_TI1_ConfigInputStage  stm32f4xx_hal_tim.o
    0x08008578   0x08008578   0x00000052   Code   RO          560    .text.TIM_TI2_ConfigInputStage  stm32f4xx_hal_tim.o
    0x080085ca   0x080085ca   0x00000002   PAD
    0x080085cc   0x080085cc   0x0000001c   Code   RO         1795    .text.UART_DMAAbortOnError  stm32f4xx_hal_uart.o
    0x080085e8   0x080085e8   0x0000007c   Code   RO         1741    .text.UART_DMAError  stm32f4xx_hal_uart.o
    0x08008664   0x08008664   0x000000f4   Code   RO         1827    .text.UART_DMAReceiveCplt  stm32f4xx_hal_uart.o
    0x08008758   0x08008758   0x00000034   Code   RO         1829    .text.UART_DMARxHalfCplt  stm32f4xx_hal_uart.o
    0x0800878c   0x0800878c   0x00000094   Code   RO         1755    .text.UART_EndRxTransfer  stm32f4xx_hal_uart.o
    0x08008820   0x08008820   0x00000026   Code   RO         1803    .text.UART_EndTransmit_IT  stm32f4xx_hal_uart.o
    0x08008846   0x08008846   0x00000002   PAD
    0x08008848   0x08008848   0x00000036   Code   RO         1753    .text.UART_EndTxTransfer  stm32f4xx_hal_uart.o
    0x0800887e   0x0800887e   0x00000002   PAD
    0x08008880   0x08008880   0x00000168   Code   RO         1793    .text.UART_Receive_IT  stm32f4xx_hal_uart.o
    0x080089e8   0x080089e8   0x0000013a   Code   RO         1711    .text.UART_SetConfig  stm32f4xx_hal_uart.o
    0x08008b22   0x08008b22   0x00000002   PAD
    0x08008b24   0x08008b24   0x00000130   Code   RO         1745    .text.UART_Start_Receive_DMA  stm32f4xx_hal_uart.o
    0x08008c54   0x08008c54   0x00000062   Code   RO         1733    .text.UART_Start_Receive_IT  stm32f4xx_hal_uart.o
    0x08008cb6   0x08008cb6   0x00000002   PAD
    0x08008cb8   0x08008cb8   0x00000094   Code   RO         1801    .text.UART_Transmit_IT  stm32f4xx_hal_uart.o
    0x08008d4c   0x08008d4c   0x00000010   Code   RO          190    .text.USART3_IRQHandler  stm32f4xx_it.o
    0x08008d5c   0x08008d5c   0x000000f4   Code   RO         2572    .text.USBD_CDC_DataIn  usbd_cdc.o
    0x08008e50   0x08008e50   0x00000070   Code   RO         2574    .text.USBD_CDC_DataOut  usbd_cdc.o
    0x08008ec0   0x08008ec0   0x000000f0   Code   RO         2566    .text.USBD_CDC_DeInit  usbd_cdc.o
    0x08008fb0   0x08008fb0   0x00000078   Code   RO         2570    .text.USBD_CDC_EP0_RxReady  usbd_cdc.o
    0x08009028   0x08009028   0x00000016   Code   RO         2582    .text.USBD_CDC_GetDeviceQualifierDescriptor  usbd_cdc.o
    0x0800903e   0x0800903e   0x00000002   PAD
    0x08009040   0x08009040   0x0000006c   Code   RO         2578    .text.USBD_CDC_GetFSCfgDesc  usbd_cdc.o
    0x080090ac   0x080090ac   0x00000070   Code   RO         2576    .text.USBD_CDC_GetHSCfgDesc  usbd_cdc.o
    0x0800911c   0x0800911c   0x0000006c   Code   RO         2580    .text.USBD_CDC_GetOtherSpeedCfgDesc  usbd_cdc.o
    0x08009188   0x08009188   0x00000222   Code   RO         2564    .text.USBD_CDC_Init  usbd_cdc.o
    0x080093aa   0x080093aa   0x00000002   PAD
    0x080093ac   0x080093ac   0x0000007e   Code   RO         2592    .text.USBD_CDC_ReceivePacket  usbd_cdc.o
    0x0800942a   0x0800942a   0x00000002   PAD
    0x0800942c   0x0800942c   0x00000034   Code   RO         2584    .text.USBD_CDC_RegisterInterface  usbd_cdc.o
    0x08009460   0x08009460   0x0000003c   Code   RO         2588    .text.USBD_CDC_SetRxBuffer  usbd_cdc.o
    0x0800949c   0x0800949c   0x00000046   Code   RO         2586    .text.USBD_CDC_SetTxBuffer  usbd_cdc.o
    0x080094e2   0x080094e2   0x00000002   PAD
    0x080094e4   0x080094e4   0x000001cc   Code   RO         2568    .text.USBD_CDC_Setup  usbd_cdc.o
    0x080096b0   0x080096b0   0x00000032   Code   RO         2464    .text.USBD_ClrClassConfig  usbd_core.o
    0x080096e2   0x080096e2   0x00000002   PAD
    0x080096e4   0x080096e4   0x00000040   Code   RO         2519    .text.USBD_ClrFeature  usbd_ctlreq.o
    0x08009724   0x08009724   0x0000000e   Code   RO         2472    .text.USBD_CoreFindEP  usbd_core.o
    0x08009732   0x08009732   0x00000002   PAD
    0x08009734   0x08009734   0x0000000e   Code   RO         2470    .text.USBD_CoreFindIF  usbd_core.o
    0x08009742   0x08009742   0x00000002   PAD
    0x08009744   0x08009744   0x0000001e   Code   RO         2549    .text.USBD_CtlContinueRx  usbd_ioreq.o
    0x08009762   0x08009762   0x00000002   PAD
    0x08009764   0x08009764   0x0000001e   Code   RO         2545    .text.USBD_CtlContinueSendData  usbd_ioreq.o
    0x08009782   0x08009782   0x00000002   PAD
    0x08009784   0x08009784   0x0000001c   Code   RO         2521    .text.USBD_CtlError  usbd_ctlreq.o
    0x080097a0   0x080097a0   0x0000003e   Code   RO         2547    .text.USBD_CtlPrepareRx  usbd_ioreq.o
    0x080097de   0x080097de   0x00000002   PAD
    0x080097e0   0x080097e0   0x00000022   Code   RO         2553    .text.USBD_CtlReceiveStatus  usbd_ioreq.o
    0x08009802   0x08009802   0x00000002   PAD
    0x08009804   0x08009804   0x00000038   Code   RO         2543    .text.USBD_CtlSendData  usbd_ioreq.o
    0x0800983c   0x0800983c   0x00000022   Code   RO         2551    .text.USBD_CtlSendStatus  usbd_ioreq.o
    0x0800985e   0x0800985e   0x00000002   PAD
    0x08009860   0x08009860   0x0000004e   Code   RO          248    .text.USBD_FS_ConfigStrDescriptor  usbd_desc.o
    0x080098ae   0x080098ae   0x00000002   PAD
    0x080098b0   0x080098b0   0x0000001a   Code   RO          238    .text.USBD_FS_DeviceDescriptor  usbd_desc.o
    0x080098ca   0x080098ca   0x00000002   PAD
    0x080098cc   0x080098cc   0x0000004e   Code   RO          250    .text.USBD_FS_InterfaceStrDescriptor  usbd_desc.o
    0x0800991a   0x0800991a   0x00000002   PAD
    0x0800991c   0x0800991c   0x0000001a   Code   RO          240    .text.USBD_FS_LangIDStrDescriptor  usbd_desc.o
    0x08009936   0x08009936   0x00000002   PAD
    0x08009938   0x08009938   0x00000028   Code   RO          242    .text.USBD_FS_ManufacturerStrDescriptor  usbd_desc.o
    0x08009960   0x08009960   0x0000004e   Code   RO          244    .text.USBD_FS_ProductStrDescriptor  usbd_desc.o
    0x080099ae   0x080099ae   0x00000002   PAD
    0x080099b0   0x080099b0   0x00000020   Code   RO          246    .text.USBD_FS_SerialStrDescriptor  usbd_desc.o
    0x080099d0   0x080099d0   0x00000064   Code   RO         2513    .text.USBD_GetConfig  usbd_ctlreq.o
    0x08009a34   0x08009a34   0x000002d8   Code   RO         2507    .text.USBD_GetDescriptor  usbd_ctlreq.o
    0x08009d0c   0x08009d0c   0x00000076   Code   RO         2494    .text.USBD_GetEpDesc  usbd_core.o
    0x08009d82   0x08009d82   0x00000002   PAD
    0x08009d84   0x08009d84   0x00000032   Code   RO         2533    .text.USBD_GetLen   usbd_ctlreq.o
    0x08009db6   0x08009db6   0x00000002   PAD
    0x08009db8   0x08009db8   0x00000026   Code   RO         2496    .text.USBD_GetNextDesc  usbd_core.o
    0x08009dde   0x08009dde   0x00000002   PAD
    0x08009de0   0x08009de0   0x00000062   Code   RO         2515    .text.USBD_GetStatus  usbd_ctlreq.o
    0x08009e42   0x08009e42   0x00000002   PAD
    0x08009e44   0x08009e44   0x000000bc   Code   RO         2531    .text.USBD_GetString  usbd_ctlreq.o
    0x08009f00   0x08009f00   0x00000052   Code   RO          321    .text.USBD_Get_USB_Status  usbd_conf.o
    0x08009f52   0x08009f52   0x00000002   PAD
    0x08009f54   0x08009f54   0x0000006a   Code   RO         2450    .text.USBD_Init     usbd_core.o
    0x08009fbe   0x08009fbe   0x00000002   PAD
    0x08009fc0   0x08009fc0   0x0000003a   Code   RO          335    .text.USBD_LL_ClearStallEP  usbd_conf.o
    0x08009ffa   0x08009ffa   0x00000002   PAD
    0x08009ffc   0x08009ffc   0x0000003a   Code   RO          329    .text.USBD_LL_CloseEP  usbd_conf.o
    0x0800a036   0x0800a036   0x00000002   PAD
    0x0800a038   0x0800a038   0x0000019a   Code   RO         2474    .text.USBD_LL_DataInStage  usbd_core.o
    0x0800a1d2   0x0800a1d2   0x00000002   PAD
    0x0800a1d4   0x0800a1d4   0x000001bc   Code   RO         2468    .text.USBD_LL_DataOutStage  usbd_core.o
    0x0800a390   0x0800a390   0x0000000a   Code   RO         2490    .text.USBD_LL_DevConnected  usbd_core.o
    0x0800a39a   0x0800a39a   0x00000002   PAD
    0x0800a39c   0x0800a39c   0x00000040   Code   RO         2492    .text.USBD_LL_DevDisconnected  usbd_core.o
    0x0800a3dc   0x0800a3dc   0x0000001c   Code   RO          345    .text.USBD_LL_GetRxDataSize  usbd_conf.o
    0x0800a3f8   0x0800a3f8   0x0000007e   Code   RO          317    .text.USBD_LL_Init  usbd_conf.o
    0x0800a476   0x0800a476   0x00000002   PAD
    0x0800a478   0x0800a478   0x0000005a   Code   RO          337    .text.USBD_LL_IsStallEP  usbd_conf.o
    0x0800a4d2   0x0800a4d2   0x00000002   PAD
    0x0800a4d4   0x0800a4d4   0x0000006e   Code   RO         2486    .text.USBD_LL_IsoINIncomplete  usbd_core.o
    0x0800a542   0x0800a542   0x00000002   PAD
    0x0800a544   0x0800a544   0x0000006e   Code   RO         2488    .text.USBD_LL_IsoOUTIncomplete  usbd_core.o
    0x0800a5b2   0x0800a5b2   0x00000002   PAD
    0x0800a5b4   0x0800a5b4   0x0000004a   Code   RO          327    .text.USBD_LL_OpenEP  usbd_conf.o
    0x0800a5fe   0x0800a5fe   0x00000002   PAD
    0x0800a600   0x0800a600   0x00000042   Code   RO          343    .text.USBD_LL_PrepareReceive  usbd_conf.o
    0x0800a642   0x0800a642   0x00000002   PAD
    0x0800a644   0x0800a644   0x0000009e   Code   RO         2476    .text.USBD_LL_Reset  usbd_core.o
    0x0800a6e2   0x0800a6e2   0x00000002   PAD
    0x0800a6e4   0x0800a6e4   0x00000024   Code   RO         2482    .text.USBD_LL_Resume  usbd_core.o
    0x0800a708   0x0800a708   0x0000003e   Code   RO         2484    .text.USBD_LL_SOF   usbd_core.o
    0x0800a746   0x0800a746   0x00000002   PAD
    0x0800a748   0x0800a748   0x00000016   Code   RO         2478    .text.USBD_LL_SetSpeed  usbd_core.o
    0x0800a75e   0x0800a75e   0x00000002   PAD
    0x0800a760   0x0800a760   0x0000003a   Code   RO          339    .text.USBD_LL_SetUSBAddress  usbd_conf.o
    0x0800a79a   0x0800a79a   0x00000002   PAD
    0x0800a79c   0x0800a79c   0x00000094   Code   RO         2466    .text.USBD_LL_SetupStage  usbd_core.o
    0x0800a830   0x0800a830   0x0000003a   Code   RO          333    .text.USBD_LL_StallEP  usbd_conf.o
    0x0800a86a   0x0800a86a   0x00000002   PAD
    0x0800a86c   0x0800a86c   0x00000032   Code   RO          323    .text.USBD_LL_Start  usbd_conf.o
    0x0800a89e   0x0800a89e   0x00000002   PAD
    0x0800a8a0   0x0800a8a0   0x0000002c   Code   RO         2480    .text.USBD_LL_Suspend  usbd_core.o
    0x0800a8cc   0x0800a8cc   0x00000042   Code   RO          341    .text.USBD_LL_Transmit  usbd_conf.o
    0x0800a90e   0x0800a90e   0x00000002   PAD
    0x0800a910   0x0800a910   0x00000062   Code   RO         2527    .text.USBD_ParseSetupRequest  usbd_ctlreq.o
    0x0800a972   0x0800a972   0x00000002   PAD
    0x0800a974   0x0800a974   0x00000072   Code   RO         2454    .text.USBD_RegisterClass  usbd_core.o
    0x0800a9e6   0x0800a9e6   0x00000002   PAD
    0x0800a9e8   0x0800a9e8   0x0000000a   Code   RO         2460    .text.USBD_RunTestMode  usbd_core.o
    0x0800a9f2   0x0800a9f2   0x00000002   PAD
    0x0800a9f4   0x0800a9f4   0x0000008c   Code   RO         2509    .text.USBD_SetAddress  usbd_ctlreq.o
    0x0800aa80   0x0800aa80   0x00000036   Code   RO         2462    .text.USBD_SetClassConfig  usbd_core.o
    0x0800aab6   0x0800aab6   0x00000002   PAD
    0x0800aab8   0x0800aab8   0x0000017e   Code   RO         2511    .text.USBD_SetConfig  usbd_ctlreq.o
    0x0800ac36   0x0800ac36   0x00000002   PAD
    0x0800ac38   0x0800ac38   0x0000004e   Code   RO         2517    .text.USBD_SetFeature  usbd_ctlreq.o
    0x0800ac86   0x0800ac86   0x00000002   PAD
    0x0800ac88   0x0800ac88   0x00000010   Code   RO         2456    .text.USBD_Start    usbd_core.o
    0x0800ac98   0x0800ac98   0x000000cc   Code   RO         2505    .text.USBD_StdDevReq  usbd_ctlreq.o
    0x0800ad64   0x0800ad64   0x000003b2   Code   RO         2525    .text.USBD_StdEPReq  usbd_ctlreq.o
    0x0800b116   0x0800b116   0x00000002   PAD
    0x0800b118   0x0800b118   0x000000f4   Code   RO         2523    .text.USBD_StdItfReq  usbd_ctlreq.o
    0x0800b20c   0x0800b20c   0x00000008   Code   RO          349    .text.USBD_static_free  usbd_conf.o
    0x0800b214   0x0800b214   0x00000010   Code   RO          347    .text.USBD_static_malloc  usbd_conf.o
    0x0800b224   0x0800b224   0x000000de   Code   RO          820    .text.USB_ActivateEndpoint  stm32f4xx_ll_usb.o
    0x0800b302   0x0800b302   0x00000002   PAD
    0x0800b304   0x0800b304   0x0000002c   Code   RO          862    .text.USB_ActivateSetup  stm32f4xx_ll_usb.o
    0x0800b330   0x0800b330   0x000000d6   Code   RO          796    .text.USB_CoreInit  stm32f4xx_ll_usb.o
    0x0800b406   0x0800b406   0x00000002   PAD
    0x0800b408   0x0800b408   0x00000088   Code   RO          798    .text.USB_CoreReset  stm32f4xx_ll_usb.o
    0x0800b490   0x0800b490   0x00000138   Code   RO          824    .text.USB_DeactivateEndpoint  stm32f4xx_ll_usb.o
    0x0800b5c8   0x0800b5c8   0x0000002a   Code   RO          844    .text.USB_DevConnect  stm32f4xx_ll_usb.o
    0x0800b5f2   0x0800b5f2   0x00000002   PAD
    0x0800b5f4   0x0800b5f4   0x0000002a   Code   RO          846    .text.USB_DevDisconnect  stm32f4xx_ll_usb.o
    0x0800b61e   0x0800b61e   0x00000002   PAD
    0x0800b620   0x0800b620   0x0000029a   Code   RO          810    .text.USB_DevInit   stm32f4xx_ll_usb.o
    0x0800b8ba   0x0800b8ba   0x00000002   PAD
    0x0800b8bc   0x0800b8bc   0x00000014   Code   RO          804    .text.USB_DisableGlobalInt  stm32f4xx_ll_usb.o
    0x0800b8d0   0x0800b8d0   0x0000009e   Code   RO          864    .text.USB_EP0_OutStart  stm32f4xx_ll_usb.o
    0x0800b96e   0x0800b96e   0x00000002   PAD
    0x0800b970   0x0800b970   0x000000a0   Code   RO          838    .text.USB_EPClearStall  stm32f4xx_ll_usb.o
    0x0800ba10   0x0800ba10   0x000000a8   Code   RO          836    .text.USB_EPSetStall  stm32f4xx_ll_usb.o
    0x0800bab8   0x0800bab8   0x000003f8   Code   RO          828    .text.USB_EPStartXfer  stm32f4xx_ll_usb.o
    0x0800beb0   0x0800beb0   0x0000011c   Code   RO          832    .text.USB_EPStopXfer  stm32f4xx_ll_usb.o
    0x0800bfcc   0x0800bfcc   0x00000014   Code   RO          802    .text.USB_EnableGlobalInt  stm32f4xx_ll_usb.o
    0x0800bfe0   0x0800bfe0   0x00000074   Code   RO          816    .text.USB_FlushRxFifo  stm32f4xx_ll_usb.o
    0x0800c054   0x0800c054   0x0000007a   Code   RO          814    .text.USB_FlushTxFifo  stm32f4xx_ll_usb.o
    0x0800c0ce   0x0800c0ce   0x00000002   PAD
    0x0800c0d0   0x0800c0d0   0x0000004c   Code   RO          818    .text.USB_GetDevSpeed  stm32f4xx_ll_usb.o
    0x0800c11c   0x0800c11c   0x00000010   Code   RO          808    .text.USB_GetMode   stm32f4xx_ll_usb.o
    0x0800c12c   0x0800c12c   0x00000024   Code   RO          854    .text.USB_ReadDevAllInEpInterrupt  stm32f4xx_ll_usb.o
    0x0800c150   0x0800c150   0x00000024   Code   RO          852    .text.USB_ReadDevAllOutEpInterrupt  stm32f4xx_ll_usb.o
    0x0800c174   0x0800c174   0x0000004e   Code   RO          858    .text.USB_ReadDevInEPInterrupt  stm32f4xx_ll_usb.o
    0x0800c1c2   0x0800c1c2   0x00000002   PAD
    0x0800c1c4   0x0800c1c4   0x0000002e   Code   RO          856    .text.USB_ReadDevOutEPInterrupt  stm32f4xx_ll_usb.o
    0x0800c1f2   0x0800c1f2   0x00000002   PAD
    0x0800c1f4   0x0800c1f4   0x0000001a   Code   RO          848    .text.USB_ReadInterrupts  stm32f4xx_ll_usb.o
    0x0800c20e   0x0800c20e   0x00000002   PAD
    0x0800c210   0x0800c210   0x000000b4   Code   RO          834    .text.USB_ReadPacket  stm32f4xx_ll_usb.o
    0x0800c2c4   0x0800c2c4   0x000000de   Code   RO          806    .text.USB_SetCurrentMode  stm32f4xx_ll_usb.o
    0x0800c3a2   0x0800c3a2   0x00000002   PAD
    0x0800c3a4   0x0800c3a4   0x00000036   Code   RO          842    .text.USB_SetDevAddress  stm32f4xx_ll_usb.o
    0x0800c3da   0x0800c3da   0x00000002   PAD
    0x0800c3dc   0x0800c3dc   0x00000022   Code   RO          812    .text.USB_SetDevSpeed  stm32f4xx_ll_usb.o
    0x0800c3fe   0x0800c3fe   0x00000002   PAD
    0x0800c400   0x0800c400   0x000001ba   Code   RO          800    .text.USB_SetTurnaroundTime  stm32f4xx_ll_usb.o
    0x0800c5ba   0x0800c5ba   0x00000002   PAD
    0x0800c5bc   0x0800c5bc   0x00000082   Code   RO          830    .text.USB_WritePacket  stm32f4xx_ll_usb.o
    0x0800c63e   0x0800c63e   0x00000002   PAD
    0x0800c640   0x0800c640   0x000000e6   Code   RO         2623    .text.USER_CAN_RxFifo0MsgPendingCallback  bsp_can.o
    0x0800c726   0x0800c726   0x00000002   PAD
    0x0800c728   0x0800c728   0x00000144   Code   RO         2679    .text.Uart_RxCallback  bsp_uart.o
    0x0800c86c   0x0800c86c   0x00000004   Code   RO          176    .text.UsageFault_Handler  stm32f4xx_it.o
    0x0800c870   0x0800c870   0x000000a4   Code   RO         2693    .text._DoInit       segger_rtt.o
    0x0800c914   0x0800c914   0x0000003e   Code   RO         2705    .text._GetAvailWriteSpace  segger_rtt.o
    0x0800c952   0x0800c952   0x00000002   PAD
    0x0800c954   0x0800c954   0x000001cc   Code   RO         2781    .text._PrintInt     segger_rtt_printf.o
    0x0800cb20   0x0800cb20   0x000001ac   Code   RO         2783    .text._PrintUnsigned  segger_rtt_printf.o
    0x0800cccc   0x0800cccc   0x00000076   Code   RO         2779    .text._StoreChar    segger_rtt_printf.o
    0x0800cd42   0x0800cd42   0x00000002   PAD
    0x0800cd44   0x0800cd44   0x000000e4   Code   RO         2709    .text._WriteBlocking  segger_rtt.o
    0x0800ce28   0x0800ce28   0x0000008c   Code   RO         2707    .text._WriteNoCheck  segger_rtt.o
    0x0800ceb4   0x0800ceb4   0x00000030   Code   RO         1187    .text.__NVIC_EnableIRQ  stm32f4xx_hal_cortex.o
    0x0800cee4   0x0800cee4   0x00000010   Code   RO         1179    .text.__NVIC_GetPriorityGrouping  stm32f4xx_hal_cortex.o
    0x0800cef4   0x0800cef4   0x00000042   Code   RO         1181    .text.__NVIC_SetPriority  stm32f4xx_hal_cortex.o
    0x0800cf36   0x0800cf36   0x00000002   PAD
    0x0800cf38   0x0800cf38   0x0000003c   Code   RO         1175    .text.__NVIC_SetPriorityGrouping  stm32f4xx_hal_cortex.o
    0x0800cf74   0x0800cf74   0x00000002   Code   RO           35    .text.configureTimerForRunTimeStats  freertos.o
    0x0800cf76   0x0800cf76   0x00000002   PAD
    0x0800cf78   0x0800cf78   0x00000058   Code   RO         2873    .text.float_to_uint  dev_motor_dm.o
    0x0800cfd0   0x0800cfd0   0x00000004   Code   RO           37    .text.getRunTimeCounterValue  freertos.o
    0x0800cfd4   0x0800cfd4   0x00000010   Code   RO           47    .text.isttask       freertos.o
    0x0800cfe4   0x0800cfe4   0x0000004c   Code   RO           11    .text.main          main.o
    0x0800d030   0x0800d030   0x00000028   Code   RO         2272    .text.makeFreeRtosPriority  cmsis_os.o
    0x0800d058   0x0800d058   0x00000028   Code   RO         2286    .text.osDelay       cmsis_os.o
    0x0800d080   0x0800d080   0x0000000a   Code   RO         2262    .text.osKernelStart  cmsis_os.o
    0x0800d08a   0x0800d08a   0x00000002   PAD
    0x0800d08c   0x0800d08c   0x000000ac   Code   RO         2270    .text.osThreadCreate  cmsis_os.o
    0x0800d138   0x0800d138   0x000000f4   Code   RO         2054    .text.prvAddCurrentTaskToDelayedList  tasks.o
    0x0800d22c   0x0800d22c   0x00000116   Code   RO         2040    .text.prvAddNewTaskToReadyList  tasks.o
    0x0800d342   0x0800d342   0x00000002   PAD
    0x0800d344   0x0800d344   0x000000a2   Code   RO         2197    .text.prvCheckForValidListAndQueue  timers.o
    0x0800d3e6   0x0800d3e6   0x00000002   PAD
    0x0800d3e8   0x0800d3e8   0x0000005a   Code   RO         2162    .text.prvCheckTasksWaitingTermination  tasks.o
    0x0800d442   0x0800d442   0x00000002   PAD
    0x0800d444   0x0800d444   0x00000042   Code   RO         1931    .text.prvCopyDataFromQueue  queue.o
    0x0800d486   0x0800d486   0x00000002   PAD
    0x0800d488   0x0800d488   0x000000cc   Code   RO         1919    .text.prvCopyDataToQueue  queue.o
    0x0800d554   0x0800d554   0x0000005e   Code   RO         2046    .text.prvDeleteTCB  tasks.o
    0x0800d5b2   0x0800d5b2   0x00000002   PAD
    0x0800d5b4   0x0800d5b4   0x00000040   Code   RO         2231    .text.prvGetNextExpireTime  timers.o
    0x0800d5f4   0x0800d5f4   0x000000bc   Code   RO         2385    .text.prvHeapInit   heap_4.o
    0x0800d6b0   0x0800d6b0   0x00000038   Code   RO         2078    .text.prvIdleTask   tasks.o
    0x0800d6e8   0x0800d6e8   0x00000048   Code   RO         1907    .text.prvInitialiseNewQueue  queue.o
    0x0800d730   0x0800d730   0x00000126   Code   RO         2038    .text.prvInitialiseNewTask  tasks.o
    0x0800d856   0x0800d856   0x00000002   PAD
    0x0800d858   0x0800d858   0x0000008e   Code   RO         2160    .text.prvInitialiseTaskLists  tasks.o
    0x0800d8e6   0x0800d8e6   0x00000002   PAD
    0x0800d8e8   0x0800d8e8   0x000000c6   Code   RO         2387    .text.prvInsertBlockIntoFreeList  heap_4.o
    0x0800d9ae   0x0800d9ae   0x00000002   PAD
    0x0800d9b0   0x0800d9b0   0x00000086   Code   RO         2243    .text.prvInsertTimerInActiveList  timers.o
    0x0800da36   0x0800da36   0x00000002   PAD
    0x0800da38   0x0800da38   0x00000028   Code   RO         1933    .text.prvIsQueueEmpty  queue.o
    0x0800da60   0x0800da60   0x0000002e   Code   RO         1921    .text.prvIsQueueFull  queue.o
    0x0800da8e   0x0800da8e   0x00000002   PAD
    0x0800da90   0x0800da90   0x00000028   Code   RO         2426    .text.prvPortStartFirstTask  port.o
    0x0800dab8   0x0800dab8   0x0000008e   Code   RO         2239    .text.prvProcessExpiredTimer  timers.o
    0x0800db46   0x0800db46   0x00000002   PAD
    0x0800db48   0x0800db48   0x00000158   Code   RO         2235    .text.prvProcessReceivedCommands  timers.o
    0x0800dca0   0x0800dca0   0x0000009a   Code   RO         2233    .text.prvProcessTimerOrBlockTask  timers.o
    0x0800dd3a   0x0800dd3a   0x00000002   PAD
    0x0800dd3c   0x0800dd3c   0x00000046   Code   RO         2048    .text.prvResetNextTaskUnblockTime  tasks.o
    0x0800dd82   0x0800dd82   0x00000002   PAD
    0x0800dd84   0x0800dd84   0x00000044   Code   RO         2237    .text.prvSampleTimeNow  timers.o
    0x0800ddc8   0x0800ddc8   0x000000d4   Code   RO         2241    .text.prvSwitchTimerLists  timers.o
    0x0800de9c   0x0800de9c   0x0000004c   Code   RO         2416    .text.prvTaskExitError  port.o
    0x0800dee8   0x0800dee8   0x0000001e   Code   RO         2199    .text.prvTimerTask  timers.o
    0x0800df06   0x0800df06   0x00000002   PAD
    0x0800df08   0x0800df08   0x000000ae   Code   RO         1923    .text.prvUnlockQueue  queue.o
    0x0800dfb6   0x0800dfb6   0x00000002   PAD
    0x0800dfb8   0x0800dfb8   0x000001ec   Code   RO         2383    .text.pvPortMalloc  heap_4.o
    0x0800e1a4   0x0800e1a4   0x0000005e   Code   RO         2414    .text.pxPortInitialiseStack  port.o
    0x0800e202   0x0800e202   0x00000002   PAD
    0x0800e204   0x0800e204   0x00000052   Code   RO         2881    .text.uint_to_float  dev_motor_dm.o
    0x0800e256   0x0800e256   0x00000002   PAD
    0x0800e258   0x0800e258   0x00000048   Code   RO         1894    .text.uxListRemove  list.o
    0x0800e2a0   0x0800e2a0   0x0000002a   Code   RO           39    .text.vApplicationGetIdleTaskMemory  freertos.o
    0x0800e2ca   0x0800e2ca   0x00000002   PAD
    0x0800e2cc   0x0800e2cc   0x0000002c   Code   RO           41    .text.vApplicationGetTimerTaskMemory  freertos.o
    0x0800e2f8   0x0800e2f8   0x0000002e   Code   RO         1886    .text.vListInitialise  list.o
    0x0800e326   0x0800e326   0x00000002   PAD
    0x0800e328   0x0800e328   0x0000000e   Code   RO         1888    .text.vListInitialiseItem  list.o
    0x0800e336   0x0800e336   0x00000002   PAD
    0x0800e338   0x0800e338   0x0000006a   Code   RO         1892    .text.vListInsert   list.o
    0x0800e3a2   0x0800e3a2   0x00000002   PAD
    0x0800e3a4   0x0800e3a4   0x0000003a   Code   RO         1890    .text.vListInsertEnd  list.o
    0x0800e3de   0x0800e3de   0x00000002   PAD
    0x0800e3e0   0x0800e3e0   0x00000014   Code   RO         2424    .text.vPortEnableVFP  port.o
    0x0800e3f4   0x0800e3f4   0x00000056   Code   RO         2430    .text.vPortEnterCritical  port.o
    0x0800e44a   0x0800e44a   0x00000002   PAD
    0x0800e44c   0x0800e44c   0x0000004a   Code   RO         2432    .text.vPortExitCritical  port.o
    0x0800e496   0x0800e496   0x00000002   PAD
    0x0800e498   0x0800e498   0x000000ce   Code   RO         2389    .text.vPortFree     heap_4.o
    0x0800e566   0x0800e566   0x00000002   PAD
    0x0800e568   0x0800e568   0x00000044   Code   RO         2422    .text.vPortSetupTimerInterrupt  port.o
    0x0800e5ac   0x0800e5ac   0x00000084   Code   RO         2438    .text.vPortValidateInterruptPriority  port.o
    0x0800e630   0x0800e630   0x00000052   Code   RO         1965    .text.vQueueAddToRegistry  queue.o
    0x0800e682   0x0800e682   0x00000002   PAD
    0x0800e684   0x0800e684   0x00000064   Code   RO         1969    .text.vQueueWaitForMessageRestricted  queue.o
    0x0800e6e8   0x0800e6e8   0x0000006e   Code   RO         2050    .text.vTaskDelay    tasks.o
    0x0800e756   0x0800e756   0x00000002   PAD
    0x0800e758   0x0800e758   0x00000024   Code   RO         2110    .text.vTaskInternalSetTimeOutState  tasks.o
    0x0800e77c   0x0800e77c   0x0000000e   Code   RO         2114    .text.vTaskMissedYield  tasks.o
    0x0800e78a   0x0800e78a   0x00000002   PAD
    0x0800e78c   0x0800e78c   0x00000042   Code   RO         2098    .text.vTaskPlaceOnEventList  tasks.o
    0x0800e7ce   0x0800e7ce   0x00000002   PAD
    0x0800e7d0   0x0800e7d0   0x00000052   Code   RO         2102    .text.vTaskPlaceOnEventListRestricted  tasks.o
    0x0800e822   0x0800e822   0x00000002   PAD
    0x0800e824   0x0800e824   0x000000e4   Code   RO         2076    .text.vTaskStartScheduler  tasks.o
    0x0800e908   0x0800e908   0x00000010   Code   RO         2052    .text.vTaskSuspendAll  tasks.o
    0x0800e918   0x0800e918   0x00000120   Code   RO         2068    .text.vTaskSwitchContext  tasks.o
    0x0800ea38   0x0800ea38   0x00000156   Code   RO         2420    .text.xPortStartScheduler  port.o
    0x0800eb8e   0x0800eb8e   0x00000002   PAD
    0x0800eb90   0x0800eb90   0x0000010e   Code   RO         1905    .text.xQueueGenericCreateStatic  queue.o
    0x0800ec9e   0x0800ec9e   0x00000002   PAD
    0x0800eca0   0x0800eca0   0x000000ba   Code   RO         1903    .text.xQueueGenericReset  queue.o
    0x0800ed5a   0x0800ed5a   0x00000002   PAD
    0x0800ed5c   0x0800ed5c   0x0000022c   Code   RO         1917    .text.xQueueGenericSend  queue.o
    0x0800ef88   0x0800ef88   0x0000014c   Code   RO         1925    .text.xQueueGenericSendFromISR  queue.o
    0x0800f0d4   0x0800f0d4   0x000001dc   Code   RO         1929    .text.xQueueReceive  queue.o
    0x0800f2b0   0x0800f2b0   0x000000cc   Code   RO         2112    .text.xTaskCheckForTimeOut  tasks.o
    0x0800f37c   0x0800f37c   0x0000009e   Code   RO         2042    .text.xTaskCreate   tasks.o
    0x0800f41a   0x0800f41a   0x00000002   PAD
    0x0800f41c   0x0800f41c   0x000000ce   Code   RO         2036    .text.xTaskCreateStatic  tasks.o
    0x0800f4ea   0x0800f4ea   0x00000002   PAD
    0x0800f4ec   0x0800f4ec   0x00000038   Code   RO         2128    .text.xTaskGetSchedulerState  tasks.o
    0x0800f524   0x0800f524   0x00000014   Code   RO         2084    .text.xTaskGetTickCount  tasks.o
    0x0800f538   0x0800f538   0x000001b8   Code   RO         2082    .text.xTaskIncrementTick  tasks.o
    0x0800f6f0   0x0800f6f0   0x00000118   Code   RO         2132    .text.xTaskPriorityDisinherit  tasks.o
    0x0800f808   0x0800f808   0x000000c2   Code   RO         2104    .text.xTaskRemoveFromEventList  tasks.o
    0x0800f8ca   0x0800f8ca   0x00000002   PAD
    0x0800f8cc   0x0800f8cc   0x00000178   Code   RO         2056    .text.xTaskResumeAll  tasks.o
    0x0800fa44   0x0800fa44   0x00000094   Code   RO         2195    .text.xTimerCreateTimerTask  timers.o
    0x0800fad8   0x0800fad8   0x000000b0   Code   RO         2207    .text.xTimerGenericCommand  timers.o
    0x0800fb88   0x0800fb88   0x00000062   Code   RO         3042    x$fpl$d2f           fz_wm.l(d2f.o)
    0x0800fbea   0x0800fbea   0x00000002   PAD
    0x0800fbec   0x0800fbec   0x00000150   Code   RO         3044    x$fpl$dadd          fz_wm.l(daddsub_clz.o)
    0x0800fd3c   0x0800fd3c   0x000002b8   Code   RO         3051    x$fpl$ddiv          fz_wm.l(ddiv.o)
    0x0800fff4   0x0800fff4   0x0000009c   Code   RO         3238    x$fpl$dnaninf       fz_wm.l(dnaninf.o)
    0x08010090   0x08010090   0x0000000c   Code   RO         3240    x$fpl$dretinf       fz_wm.l(dretinf.o)
    0x0801009c   0x0801009c   0x000001dc   Code   RO         3046    x$fpl$dsub          fz_wm.l(daddsub_clz.o)
    0x08010278   0x08010278   0x00000056   Code   RO         3062    x$fpl$f2d           fz_wm.l(f2d.o)
    0x080102ce   0x080102ce   0x0000008c   Code   RO         3242    x$fpl$fnaninf       fz_wm.l(fnaninf.o)
    0x0801035a   0x0801035a   0x0000001a   Code   RO         3316    x$fpl$fpinit        fz_wm.l(fpinit.o)
    0x08010374   0x08010374   0x0000000a   Code   RO         3244    x$fpl$fretinf       fz_wm.l(fretinf.o)
    0x0801037e   0x0801037e   0x00000000   Code   RO         3254    x$fpl$usenofp       fz_wm.l(usenofp.o)
    0x0801037e   0x0801037e   0x00000002   PAD
    0x08010380   0x08010380   0x0000001c   Data   RO           62    .rodata..L__const.MX_FREERTOS_Init.os_thread_def_Chassis_task  freertos.o
    0x0801039c   0x0801039c   0x0000001c   Data   RO           64    .rodata..L__const.MX_FREERTOS_Init.os_thread_def_GimbalTask  freertos.o
    0x080103b8   0x080103b8   0x0000001c   Data   RO           60    .rodata..L__const.MX_FREERTOS_Init.os_thread_def_Isttask  freertos.o
    0x080103d4   0x080103d4   0x0000001c   Data   RO           58    .rodata..L__const.MX_FREERTOS_Init.os_thread_def_defaultTask  freertos.o
    0x080103f0   0x080103f0   0x00000010   Data   RO         1843    .rodata.AHBPrescTable  system_stm32f4xx.o
    0x08010400   0x08010400   0x00000008   Data   RO         1844    .rodata.APBPrescTable  system_stm32f4xx.o
    0x08010408   0x08010408   0x00000008   Data   RO         1105    .rodata.DMA_CalcBaseAndBitshift.flagBitshiftOffset  stm32f4xx_hal_dma.o
    0x08010410   0x08010410   0x00000011   Data   RO         2766    .rodata._DoInit._aInitStr  segger_rtt.o
    0x08010421   0x08010421   0x00000010   Data   RO         2788    .rodata._PrintUnsigned._aV2C  segger_rtt_printf.o
    0x08010431   0x08010431   0x0000002c   Data   RO           57    .rodata.str1.1      freertos.o
    0x0801045d   0x0801045d   0x00000042   Data   RO          260    .rodata.str1.1      usbd_desc.o
    0x0801049f   0x0801049f   0x0000002c   Data   RO         2177    .rodata.str1.1      tasks.o
    0x080104cb   0x080104cb   0x0000000d   Data   RO         2246    .rodata.str1.1      timers.o
    0x080104d8   0x080104d8   0x0000048e   Data   RO         2632    .rodata.str1.1      bsp_can.o
    0x08010966   0x08010966   0x00000009   Data   RO         2767    .rodata.str1.1      segger_rtt.o
    0x0801096f   0x0801096f   0x00000007   Data   RO         2787    .rodata.str1.1      segger_rtt_printf.o
    0x08010976   0x08010976   0x0000002d   Data   RO         2798    .rodata.str1.1      bsp_log.o
    0x080109a3   0x080109a3   0x0000005e   Data   RO         2927    .rodata.str1.1      app_gimbal_task.o
    0x08010a01   0x08010a01   0x00000003   PAD
    0x08010a04   0x08010a04   0x00000020   Data   RO         3460    Region$$Table       anon$$obj.o


    Execution Region RW_IRAM1 (Exec base: 0x20000000, Load base: 0x08010a28, Size: 0x00007448, Max: 0x0001c000, ABSOLUTE, COMPRESSED[0x00000120])

    Exec Addr    Load Addr    Size         Type   Attr      Idx    E Section Name        Object

    0x20000000   COMPRESSED   0x00000001   Data   RW         2598    .data.CDCCmdEpAdd   usbd_cdc.o
    0x20000001   COMPRESSED   0x00000001   Data   RW         2596    .data.CDCInEpAdd    usbd_cdc.o
    0x20000002   COMPRESSED   0x00000001   Data   RW         2597    .data.CDCOutEpAdd   usbd_cdc.o
    0x20000003   COMPRESSED   0x00000001   Data   RW         2920    .data.ControlMode   app_gimbal_task.o
    0x20000004   COMPRESSED   0x00000090   Data   RW         2925    .data.Down_config   app_gimbal_task.o
    0x20000094   COMPRESSED   0x0000001c   Data   RW          256    .data.FS_Desc       usbd_desc.o
    0x200000b0   COMPRESSED   0x00000004   Data   RW         1842    .data.SystemCoreClock  system_stm32f4xx.o
    0x200000b4   COMPRESSED   0x00000038   Data   RW         2594    .data.USBD_CDC      usbd_cdc.o
    0x200000ec   COMPRESSED   0x00000043   Data   RW         2599    .data.USBD_CDC_CfgDesc  usbd_cdc.o
    0x2000012f   COMPRESSED   0x00000001   PAD
    0x20000130   COMPRESSED   0x0000000a   Data   RW         2595    .data.USBD_CDC_DeviceQualifierDesc  usbd_cdc.o
    0x2000013a   COMPRESSED   0x00000002   PAD
    0x2000013c   COMPRESSED   0x00000012   Data   RW          257    .data.USBD_FS_DeviceDesc  usbd_desc.o
    0x2000014e   COMPRESSED   0x00000002   PAD
    0x20000150   COMPRESSED   0x00000014   Data   RW          281    .data.USBD_Interface_fops_FS  usbd_cdc_if.o
    0x20000164   COMPRESSED   0x00000004   Data   RW          258    .data.USBD_LangIDDesc  usbd_desc.o
    0x20000168   COMPRESSED   0x0000001a   Data   RW          259    .data.USBD_StringSerial  usbd_desc.o
    0x20000182   COMPRESSED   0x00000001   Data   RW         2631    .data.can_init_flag  bsp_can.o
    0x20000183   COMPRESSED   0x00000020   Data   RW         2885    .data.dm_cmd_frame  dev_motor_dm.o
    0x200001a3   COMPRESSED   0x00000001   Data   RW         1305    .data.uwTickFreq    stm32f4xx_hal.o
    0x200001a4   COMPRESSED   0x00000004   Data   RW         1304    .data.uwTickPrio    stm32f4xx_hal.o
    0x200001a8   COMPRESSED   0x00000004   Data   RW         2442    .data.uxCriticalNesting  port.o
    0x200001ac   COMPRESSED   0x00000004   PAD
    0x200001b0        -       0x00000060   Zero   RW         3260    .bss                c_w.l(libspace.o)
    0x20000210        -       0x00000024   Zero   RW         2633    .bss.CAN_RxFIFO0Frame  bsp_can.o
    0x20000234        -       0x00000024   Zero   RW         2638    .bss.CAN_RxFIFO1Frame  bsp_can.o
    0x20000258        -       0x00000004   Zero   RW           63    .bss.Chassis_taskHandle  freertos.o
    0x2000025c        -       0x00000004   Zero   RW         2926    .bss.Down_yaw       app_gimbal_task.o
    0x20000260        -       0x00000004   Zero   RW           65    .bss.GimbalTaskHandle  freertos.o
    0x20000264        -       0x00000004   Zero   RW           83    .bss.HAL_RCC_CAN1_CLK_ENABLED  can.o
    0x20000268        -       0x00000004   Zero   RW           61    .bss.IsttaskHandle  freertos.o
    0x2000026c        -       0x00000001   Zero   RW         2535    .bss.USBD_SetConfig.cfgidx  usbd_ctlreq.o
    0x2000026d   COMPRESSED   0x00000003   PAD
    0x20000270        -       0x00000200   Zero   RW          261    .bss.USBD_StrDesc   usbd_desc.o
    0x20000470        -       0x00000220   Zero   RW          354    .bss.USBD_static_malloc.mem  usbd_conf.o
    0x20000690        -       0x00000800   Zero   RW          282    .bss.UserRxBufferFS  usbd_cdc_if.o
    0x20000e90        -       0x00000800   Zero   RW          283    .bss.UserTxBufferFS  usbd_cdc_if.o
    0x20001690        -       0x000000a8   Zero   RW         2763    .bss._SEGGER_RTT    segger_rtt.o
    0x20001738        -       0x00000010   Zero   RW         2769    .bss._acDownBuffer  segger_rtt.o
    0x20001748        -       0x00000400   Zero   RW         2768    .bss._acUpBuffer    segger_rtt.o
    0x20001b48        -       0x00000020   Zero   RW         2635    .bss.can1_instance  bsp_can.o
    0x20001b68        -       0x00000020   Zero   RW         2637    .bss.can2_instance  bsp_can.o
    0x20001b88        -       0x00000001   Zero   RW         2634    .bss.can_idx1       bsp_can.o
    0x20001b89        -       0x00000001   Zero   RW         2636    .bss.can_idx2       bsp_can.o
    0x20001b8a   COMPRESSED   0x00000002   PAD
    0x20001b8c        -       0x00000004   Zero   RW           59    .bss.defaultTaskHandle  freertos.o
    0x20001b90        -       0x000002dc   Zero   RW          231    .bss.hUsbDeviceFS   usb_device.o
    0x20001e6c        -       0x00000028   Zero   RW           81    .bss.hcan1          can.o
    0x20001e94        -       0x00000028   Zero   RW           82    .bss.hcan2          can.o
    0x20001ebc        -       0x00000060   Zero   RW          159    .bss.hdma_usart1_tx  usart.o
    0x20001f1c        -       0x00000060   Zero   RW          160    .bss.hdma_usart3_rx  usart.o
    0x20001f7c        -       0x00000054   Zero   RW          105    .bss.hi2c3          i2c.o
    0x20001fd0        -       0x000004e4   Zero   RW          353    .bss.hpcd_USB_OTG_FS  usbd_conf.o
    0x200024b4        -       0x00000058   Zero   RW          119    .bss.hspi1          spi.o
    0x2000250c        -       0x00000048   Zero   RW          141    .bss.htim10         tim.o
    0x20002554        -       0x00000048   Zero   RW          221    .bss.htim14         stm32f4xx_hal_timebase_tim.o
    0x2000259c        -       0x00000048   Zero   RW          139    .bss.htim2          tim.o
    0x200025e4        -       0x00000048   Zero   RW          140    .bss.htim4          tim.o
    0x2000262c        -       0x00000048   Zero   RW          157    .bss.huart1         usart.o
    0x20002674        -       0x00000048   Zero   RW          158    .bss.huart3         usart.o
    0x200026bc        -       0x00000001   Zero   RW         2681    .bss.id             bsp_uart.o
    0x200026bd        -       0x00000078   Zero   RW         2254    .bss.prvCheckForValidListAndQueue.ucStaticTimerQueueStorage  timers.o
    0x20002735   COMPRESSED   0x00000003   PAD
    0x20002738        -       0x00000050   Zero   RW         2253    .bss.prvCheckForValidListAndQueue.xStaticTimerQueue  timers.o
    0x20002788        -       0x00000004   Zero   RW         2250    .bss.prvSampleTimeNow.xLastTime  timers.o
    0x2000278c        -       0x00000004   Zero   RW         2164    .bss.pxCurrentTCB   tasks.o
    0x20002790        -       0x00000004   Zero   RW         2248    .bss.pxCurrentTimerList  timers.o
    0x20002794        -       0x00000004   Zero   RW         2173    .bss.pxDelayedTaskList  tasks.o
    0x20002798        -       0x00000004   Zero   RW         2399    .bss.pxEnd          heap_4.o
    0x2000279c        -       0x00000004   Zero   RW         2174    .bss.pxOverflowDelayedTaskList  tasks.o
    0x200027a0        -       0x00000004   Zero   RW         2249    .bss.pxOverflowTimerList  timers.o
    0x200027a4        -       0x0000008c   Zero   RW         2165    .bss.pxReadyTasksLists  tasks.o
    0x20002830        -       0x00000004   Zero   RW         2921    .bss.target_position  app_gimbal_task.o
    0x20002834        -       0x00000004   Zero   RW         2923    .bss.test_position  app_gimbal_task.o
    0x20002838        -       0x00000004   Zero   RW         2922    .bss.test_speed     app_gimbal_task.o
    0x2000283c        -       0x00000014   Zero   RW         2682    .bss.uart_instance  bsp_uart.o
    0x20002850        -       0x00003c00   Zero   RW         2406    .bss.ucHeap         heap_4.o
    0x20006450        -       0x00000001   Zero   RW         2440    .bss.ucMaxSysCallPriority  port.o
    0x20006451   COMPRESSED   0x00000003   PAD
    0x20006454        -       0x00000004   Zero   RW         2441    .bss.ulMaxPRIGROUPValue  port.o
    0x20006458        -       0x00000004   Zero   RW         2185    .bss.ulTaskSwitchedInTime  tasks.o
    0x2000645c        -       0x00000004   Zero   RW         2184    .bss.ulTotalRunTime  tasks.o
    0x20006460        -       0x00000004   Zero   RW         1306    .bss.uwTick         stm32f4xx_hal.o
    0x20006464        -       0x00000004   Zero   RW         2170    .bss.uxCurrentNumberOfTasks  tasks.o
    0x20006468        -       0x00000004   Zero   RW         2169    .bss.uxDeletedTasksWaitingCleanUp  tasks.o
    0x2000646c        -       0x00000004   Zero   RW         2172    .bss.uxSchedulerSuspended  tasks.o
    0x20006470        -       0x00000004   Zero   RW         2167    .bss.uxTaskNumber   tasks.o
    0x20006474        -       0x00000004   Zero   RW         2166    .bss.uxTopReadyPriority  tasks.o
    0x20006478        -       0x00000014   Zero   RW         2251    .bss.xActiveTimerList1  timers.o
    0x2000648c        -       0x00000014   Zero   RW         2252    .bss.xActiveTimerList2  timers.o
    0x200064a0        -       0x00000004   Zero   RW         2400    .bss.xBlockAllocatedBit  heap_4.o
    0x200064a4        -       0x00000014   Zero   RW         2186    .bss.xDelayedTaskList1  tasks.o
    0x200064b8        -       0x00000014   Zero   RW         2187    .bss.xDelayedTaskList2  tasks.o
    0x200064cc        -       0x00000004   Zero   RW         2401    .bss.xFreeBytesRemaining  heap_4.o
    0x200064d0        -       0x00000200   Zero   RW           54    .bss.xIdleStack     freertos.o
    0x200066d0        -       0x00000004   Zero   RW         2178    .bss.xIdleTaskHandle  tasks.o
    0x200066d4        -       0x00000060   Zero   RW           53    .bss.xIdleTaskTCBBuffer  freertos.o
    0x20006734        -       0x00000004   Zero   RW         2403    .bss.xMinimumEverFreeBytesRemaining  heap_4.o
    0x20006738        -       0x00000004   Zero   RW         2179    .bss.xNextTaskUnblockTime  tasks.o
    0x2000673c        -       0x00000004   Zero   RW         2183    .bss.xNumOfOverflows  tasks.o
    0x20006740        -       0x00000004   Zero   RW         2404    .bss.xNumberOfSuccessfulAllocations  heap_4.o
    0x20006744        -       0x00000004   Zero   RW         2405    .bss.xNumberOfSuccessfulFrees  heap_4.o
    0x20006748        -       0x00000004   Zero   RW         2182    .bss.xPendedTicks   tasks.o
    0x2000674c        -       0x00000014   Zero   RW         2176    .bss.xPendingReadyList  tasks.o
    0x20006760        -       0x00000040   Zero   RW         1971    .bss.xQueueRegistry  queue.o
    0x200067a0        -       0x00000004   Zero   RW         2171    .bss.xSchedulerRunning  tasks.o
    0x200067a4        -       0x00000008   Zero   RW         2402    .bss.xStart         heap_4.o
    0x200067ac        -       0x00000014   Zero   RW         2175    .bss.xSuspendedTaskList  tasks.o
    0x200067c0        -       0x00000014   Zero   RW         2168    .bss.xTasksWaitingTermination  tasks.o
    0x200067d4        -       0x00000004   Zero   RW         2180    .bss.xTickCount     tasks.o
    0x200067d8        -       0x00000004   Zero   RW         2245    .bss.xTimerQueue    timers.o
    0x200067dc        -       0x00000400   Zero   RW           56    .bss.xTimerStack    freertos.o
    0x20006bdc        -       0x00000004   Zero   RW         2247    .bss.xTimerTaskHandle  timers.o
    0x20006be0        -       0x00000060   Zero   RW           55    .bss.xTimerTaskTCBBuffer  freertos.o
    0x20006c40        -       0x00000004   Zero   RW         2181    .bss.xYieldPending  tasks.o
    0x20006c44   COMPRESSED   0x00000004   PAD
    0x20006c48        -       0x00000400   Zero   RW            2    HEAP                startup_stm32f407xx.o
    0x20007048        -       0x00000400   Zero   RW            1    STACK               startup_stm32f407xx.o


    Execution Region RW_IRAM2 (Exec base: 0x2001c000, Load base: 0x08010b48, Size: 0x00000000, Max: 0x00004000, ABSOLUTE)

    **** No section assigned to this execution region ****


==============================================================================

Image component sizes


      Code (inc. data)   RO Data    RW Data    ZI Data      Debug   Object Name

      1136          8          0          0          0       3230   alg_pid.o
       320          4         94        145         16       5875   app_gimbal_task.o
      2554          0       1166          1        138       7811   bsp_can.o
        54          0         45          0          0        603   bsp_log.o
       340          0          0          0         21       5517   bsp_uart.o
       544          0          0          0         84       6469   can.o
       262          0          0          0          0      16808   cmsis_os.o
      1618         24          0         32          0       8583   dev_motor_dm.o
       116          0          0          0          0       3361   dma.o
       402          0        156          0       1744       4048   freertos.o
       428          0          0          0          0       4164   gpio.o
      1084          0          0          0      15392       4452   heap_4.o
       302          0          0          0         84       5148   i2c.o
       296          0          0          0          0       2255   list.o
       304          0          0          0          0       5743   main.o
      1128         16          0          4          5       3862   port.o
      2604          0          0          0         64      15616   queue.o
       856          0         26          0       1208      13427   segger_rtt.o
      1972         14         23          0          0       4032   segger_rtt_printf.o
       310          0          0          0         88       4970   spi.o
        64         26        392          0       2048        860   startup_stm32f407xx.o
       158          0          0          5          4       7147   stm32f4xx_hal.o
      3276          0          0          0          0      11587   stm32f4xx_hal_can.o
       384          0          0          0          0       9758   stm32f4xx_hal_cortex.o
      2068          8          8          0          0       8536   stm32f4xx_hal_dma.o
      1062          0          0          0          0       5132   stm32f4xx_hal_gpio.o
       676          0          0          0          0      37721   stm32f4xx_hal_i2c.o
        88          0          0          0          0       3392   stm32f4xx_hal_msp.o
      4972          0          0          0          0      14447   stm32f4xx_hal_pcd.o
       192          0          0          0          0       4262   stm32f4xx_hal_pcd_ex.o
      2730          0          0          0          0       7636   stm32f4xx_hal_rcc.o
       258          0          0          0          0      19496   stm32f4xx_hal_spi.o
      3248         14          0          0          0      36041   stm32f4xx_hal_tim.o
       306          0          0          0          0      15372   stm32f4xx_hal_tim_ex.o
       240          0          0          0         72       7135   stm32f4xx_hal_timebase_tim.o
      3394          0          0          0          0      20467   stm32f4xx_hal_uart.o
       176          0          0          0          0       1934   stm32f4xx_it.o
      5118          0          0          0          0      19831   stm32f4xx_ll_usb.o
        18          0         24          4          0       2543   system_stm32f4xx.o
      4042          0         44          0        308      25095   tasks.o
       724          0          0          0        216       8477   tim.o
      1634         10         13          0        260      10740   timers.o
       690          0          0          0        336       7315   usart.o
       118          0          0          0        732       3169   usb_device.o
      2380         12          0        136          0      10882   usbd_cdc.o
       206         36          0         20       4096       2637   usbd_cdc_if.o
      1396          4          0          0       1796      14496   usbd_conf.o
      2152          0          0          0          0       9030   usbd_core.o
      3402         30          0          0          1       8600   usbd_ctlreq.o
       572          0         66         76        512       3270   usbd_desc.o
       246          0          0          0          0       4258   usbd_ioreq.o

    ----------------------------------------------------------------------
     63000        210       2092        428      29244     467240   Object Totals
         0          0         32          0          0          0   (incl. Generated)
       380          4          3          5         19          0   (incl. Padding)

    ----------------------------------------------------------------------

      Code (inc. data)   RO Data    RW Data    ZI Data      Debug   Library Member Name

        58          0          0          0          0          0   __dczerorl.o
         8          0          0          0          0         68   __main.o
         0          0          0          0          0          0   __rtentry.o
        12          0          0          0          0          0   __rtentry2.o
         6          0          0          0          0          0   __rtentry4.o
        94          8          0          0          0          0   __scatter.o
        28          0          0          0          0          0   __scatter_zi.o
        16          0          0          0          0         68   aeabi_memset4.o
        18          0          0          0          0         80   exit.o
         6          0          0          0          0        152   heapauxi.o
         0          0          0          0          0          0   indicate_semi.o
         2          0          0          0          0          0   libinit.o
         6          0          0          0          0          0   libinit2.o
         2          0          0          0          0          0   libshutdown.o
         2          0          0          0          0          0   libshutdown2.o
         8          4          0          0         96         68   libspace.o
       240          0          0          0          0        100   lludivv7m.o
        68          0          0          0          0         68   rt_memclr.o
        78          0          0          0          0         80   rt_memclr_w.o
       138          0          0          0          0         68   rt_memcpy_v6.o
       100          0          0          0          0         80   rt_memcpy_w.o
         2          0          0          0          0          0   rtexit.o
        10          0          0          0          0          0   rtexit2.o
        12          4          0          0          0         68   sys_exit.o
        74          0          0          0          0         80   sys_stackheap_outer.o
         2          0          0          0          0         68   use_no_semi.o
        98          4          0          0          0        140   d2f.o
       812         16          0          0          0        392   daddsub_clz.o
       696        140          0          0          0        264   ddiv.o
       156          4          0          0          0        140   dnaninf.o
        12          0          0          0          0        116   dretinf.o
        86          4          0          0          0        132   f2d.o
       140          4          0          0          0        132   fnaninf.o
        26          0          0          0          0        116   fpinit.o
        10          0          0          0          0        116   fretinf.o
         0          0          0          0          0          0   usenofp.o

    ----------------------------------------------------------------------
      3040        188          0          0         96       2596   Library Totals
        14          0          0          0          0          0   (incl. Padding)

    ----------------------------------------------------------------------

      Code (inc. data)   RO Data    RW Data    ZI Data      Debug   Library Name

       990         16          0          0         96       1048   c_w.l
      2036        172          0          0          0       1548   fz_wm.l

    ----------------------------------------------------------------------
      3040        188          0          0         96       2596   Library Totals

    ----------------------------------------------------------------------

==============================================================================


      Code (inc. data)   RO Data    RW Data    ZI Data      Debug   

     66040        398       2092        428      29340     467556   Grand Totals
     66040        398       2092        288      29340     467556   ELF Image Totals (compressed)
     66040        398       2092        288          0          0   ROM Totals

==============================================================================

    Total RO  Size (Code + RO Data)                68132 (  66.54kB)
    Total RW  Size (RW Data + ZI Data)             29768 (  29.07kB)
    Total ROM Size (Code + RO Data + RW Data)      68420 (  66.82kB)

==============================================================================

